127.0.0.1 - - [16/Oct/2015:18:45:45 +0200] "GET / HTTP/1.1" 404 983
0:0:0:0:0:0:0:1 - - [16/Oct/2015:18:45:46 +0200] "GET /Obl2TheApplication/newuser HTTP/1.1" 200 1075
0:0:0:0:0:0:0:1 - - [16/Oct/2015:18:45:46 +0200] "GET /favicon.ico HTTP/1.1" 404 1005
0:0:0:0:0:0:0:1 - - [16/Oct/2015:18:46:44 +0200] "POST /Obl2TheApplication/newuser HTTP/1.1" 200 1095
0:0:0:0:0:0:0:1 - - [16/Oct/2015:18:47:05 +0200] "POST /Obl2TheApplication/newuser HTTP/1.1" 302 -
0:0:0:0:0:0:0:1 - - [16/Oct/2015:18:47:06 +0200] "GET /Obl2TheApplication/searchpage HTTP/1.1" 200 642
0:0:0:0:0:0:0:1 - - [16/Oct/2015:18:47:10 +0200] "GET /Obl2TheApplication/logout HTTP/1.1" 200 343
0:0:0:0:0:0:0:1 - - [16/Oct/2015:18:47:12 +0200] "GET /Obl2TheApplication/login HTTP/1.1" 200 429
0:0:0:0:0:0:0:1 - - [16/Oct/2015:18:47:27 +0200] "POST /Obl2TheApplication/login HTTP/1.1" 200 466
0:0:0:0:0:0:0:1 - - [16/Oct/2015:18:47:38 +0200] "POST /Obl2TheApplication/login HTTP/1.1" 200 459
0:0:0:0:0:0:0:1 - - [16/Oct/2015:18:47:45 +0200] "POST /Obl2TheApplication/login HTTP/1.1" 200 459
0:0:0:0:0:0:0:1 - - [16/Oct/2015:18:47:48 +0200] "POST /Obl2TheApplication/login HTTP/1.1" 302 -
0:0:0:0:0:0:0:1 - - [16/Oct/2015:18:47:48 +0200] "GET /Obl2TheApplication/searchpage HTTP/1.1" 200 642
127.0.0.1 - - [16/Oct/2015:18:47:54 +0200] "GET /Obl2TheApplication/v003/wb1913_1.html HTTP/1.1" 404 1057
0:0:0:0:0:0:0:1 - - [16/Oct/2015:18:47:55 +0200] "GET /Obl2TheApplication/dosearch?user=Didrik&searchkey=10+or+1%3D1 HTTP/1.1" 200 374
0:0:0:0:0:0:0:1 - - [16/Oct/2015:18:48:07 +0200] "GET /Obl2TheApplication/searchpage HTTP/1.1" 200 759
127.0.0.1 - - [16/Oct/2015:18:48:10 +0200] "GET /Obl2TheApplication/v003/wb1913_c.html HTTP/1.1" 200 1729280
0:0:0:0:0:0:0:1 - - [16/Oct/2015:18:48:10 +0200] "GET /Obl2TheApplication/dosearch?user=Didrik&searchkey=Car HTTP/1.1" 200 977
127.0.0.1 - - [16/Oct/2015:18:48:17 +0200] "GET /Obl2TheApplication/v003/wb1913_s.html HTTP/1.1" 200 2205657
0:0:0:0:0:0:0:1 - - [16/Oct/2015:18:48:17 +0200] "GET /Obl2TheApplication/dosearch?user=Didrik&searchkey=Superdids HTTP/1.1" 200 374
0:0:0:0:0:0:0:1 - - [16/Oct/2015:18:48:20 +0200] "GET /Obl2TheApplication/searchpage HTTP/1.1" 200 981
127.0.0.1 - - [16/Oct/2015:18:48:24 +0200] "GET /Obl2TheApplication/v003/wb1913_o.html HTTP/1.1" 200 445318
0:0:0:0:0:0:0:1 - - [16/Oct/2015:18:48:24 +0200] "GET /Obl2TheApplication/dosearch?user=Didrik&searchkey=or+1%3D1 HTTP/1.1" 200 371
0:0:0:0:0:0:0:1 - - [16/Oct/2015:18:48:25 +0200] "GET /Obl2TheApplication/searchpage HTTP/1.1" 200 1092
127.0.0.1 - - [16/Oct/2015:18:48:39 +0200] "GET /Obl2TheApplication/v003/wb1913_1.html HTTP/1.1" 404 1057
0:0:0:0:0:0:0:1 - - [16/Oct/2015:18:48:39 +0200] "GET /Obl2TheApplication/dosearch?user=Didrik&searchkey=105+or+1%3D1 HTTP/1.1" 200 375
0:0:0:0:0:0:0:1 - - [16/Oct/2015:18:48:44 +0200] "GET /Obl2TheApplication/searchpage HTTP/1.1" 200 1211
0:0:0:0:0:0:0:1 - - [16/Oct/2015:18:49:20 +0200] "GET /Obl2TheApplication/mydetails HTTP/1.1" 200 999
0:0:0:0:0:0:0:1 - - [16/Oct/2015:18:49:23 +0200] "GET /Obl2TheApplication/newuser HTTP/1.1" 200 1075
0:0:0:0:0:0:0:1 - - [16/Oct/2015:18:49:32 +0200] "POST /Obl2TheApplication/newuser HTTP/1.1" 302 -
0:0:0:0:0:0:0:1 - - [16/Oct/2015:18:49:32 +0200] "GET /Obl2TheApplication/searchpage HTTP/1.1" 200 1260
127.0.0.1 - - [16/Oct/2015:18:49:43 +0200] "GET /Obl2TheApplication/v003/wb1913_a.html HTTP/1.1" 200 1179833
0:0:0:0:0:0:0:1 - - [16/Oct/2015:18:49:43 +0200] "GET /Obl2TheApplication/dosearch?user=Didrik+or+1%3D1&searchkey=asd HTTP/1.1" 200 375
127.0.0.1 - - [16/Oct/2015:18:51:12 +0200] "GET /Obl2TheApplication/v003/wb1913_a.html HTTP/1.1" 200 1179833
0:0:0:0:0:0:0:1 - - [16/Oct/2015:18:51:12 +0200] "GET /Obl2TheApplication/dosearch?user=Didrik+or+1%3D1&searchkey=asd+or+1%3D1 HTTP/1.1" 200 382
127.0.0.1 - - [16/Oct/2015:18:51:26 +0200] "GET / HTTP/1.1" 404 983
0:0:0:0:0:0:0:1 - - [16/Oct/2015:18:51:33 +0200] "GET /Obl2TheApplication/dosearch?user=Didrik+or+1%3D1&searchkey=asd+or+1%3D1 HTTP/1.1" 200 343
0:0:0:0:0:0:0:1 - - [16/Oct/2015:18:51:36 +0200] "GET /Obl2TheApplication/login HTTP/1.1" 200 429
0:0:0:0:0:0:0:1 - - [16/Oct/2015:18:51:39 +0200] "POST /Obl2TheApplication/login HTTP/1.1" 200 459
0:0:0:0:0:0:0:1 - - [16/Oct/2015:18:51:42 +0200] "GET /Obl2TheApplication/login HTTP/1.1" 200 429
0:0:0:0:0:0:0:1 - - [16/Oct/2015:18:51:47 +0200] "POST /Obl2TheApplication/login HTTP/1.1" 200 453
0:0:0:0:0:0:0:1 - - [16/Oct/2015:18:51:48 +0200] "GET /Obl2TheApplication/login HTTP/1.1" 200 429
0:0:0:0:0:0:0:1 - - [16/Oct/2015:18:51:49 +0200] "GET /Obl2TheApplication/login HTTP/1.1" 200 429
0:0:0:0:0:0:0:1 - - [16/Oct/2015:18:51:51 +0200] "GET /Obl2TheApplication/newuser HTTP/1.1" 200 1075
0:0:0:0:0:0:0:1 - - [16/Oct/2015:18:51:52 +0200] "POST /Obl2TheApplication/newuser HTTP/1.1" 302 -
0:0:0:0:0:0:0:1 - - [16/Oct/2015:18:51:52 +0200] "GET /Obl2TheApplication/searchpage HTTP/1.1" 200 630
127.0.0.1 - - [16/Oct/2015:18:51:59 +0200] "GET /Obl2TheApplication/v003/wb1913_d.html HTTP/1.1" 200 1080758
0:0:0:0:0:0:0:1 - - [16/Oct/2015:18:51:59 +0200] "GET /Obl2TheApplication/dosearch?user=&searchkey=didrik+or+1%3D1 HTTP/1.1" 200 372
0:0:0:0:0:0:0:1 - - [16/Oct/2015:18:52:05 +0200] "GET /Obl2TheApplication/searchpage HTTP/1.1" 200 749
0:0:0:0:0:0:0:1 - - [16/Oct/2015:18:52:07 +0200] "GET /Obl2TheApplication/newuser HTTP/1.1" 200 1075
0:0:0:0:0:0:0:1 - - [16/Oct/2015:18:52:15 +0200] "POST /Obl2TheApplication/newuser HTTP/1.1" 302 -
0:0:0:0:0:0:0:1 - - [16/Oct/2015:18:52:15 +0200] "GET /Obl2TheApplication/searchpage HTTP/1.1" 200 767
127.0.0.1 - - [16/Oct/2015:18:52:19 +0200] "GET /Obl2TheApplication/v003/wb1913_h.html HTTP/1.1" 200 655109
0:0:0:0:0:0:0:1 - - [16/Oct/2015:18:52:19 +0200] "GET /Obl2TheApplication/dosearch?user=Didrik&searchkey=hei+or+1%3D1 HTTP/1.1" 200 375
0:0:0:0:0:0:0:1 - - [16/Oct/2015:18:52:23 +0200] "GET /Obl2TheApplication/searchpage HTTP/1.1" 200 886
127.0.0.1 - - [16/Oct/2015:18:52:26 +0200] "GET /Obl2TheApplication/v003/wb1913_1.html HTTP/1.1" 404 1057
0:0:0:0:0:0:0:1 - - [16/Oct/2015:18:52:26 +0200] "GET /Obl2TheApplication/dosearch?user=Didrik&searchkey=12+or+1%3D1 HTTP/1.1" 200 374
129.177.137.130 - - [16/Oct/2015:18:52:58 +0200] "GET /Obl2TheApplication HTTP/1.1" 302 -
129.177.137.130 - - [16/Oct/2015:18:52:58 +0200] "GET /Obl2TheApplication/ HTTP/1.1" 200 343
129.177.137.130 - - [16/Oct/2015:18:52:58 +0200] "GET /favicon.ico HTTP/1.1" 404 1005
129.177.137.130 - - [16/Oct/2015:18:53:00 +0200] "GET /Obl2TheApplication/newuser HTTP/1.1" 200 1075
129.177.137.130 - - [16/Oct/2015:18:53:10 +0200] "POST /Obl2TheApplication/newuser HTTP/1.1" 302 -
129.177.137.130 - - [16/Oct/2015:18:53:10 +0200] "GET /Obl2TheApplication/searchpage HTTP/1.1" 200 978
127.0.0.1 - - [16/Oct/2015:18:53:19 +0200] "GET /Obl2TheApplication/v003/wb1913_<.html HTTP/1.1" 404 1063
129.177.137.130 - - [16/Oct/2015:18:53:19 +0200] "GET /Obl2TheApplication/dosearch?user=s&searchkey=%3C%21-- HTTP/1.1" 200 364
129.177.137.130 - - [16/Oct/2015:18:53:26 +0200] "GET /Obl2TheApplication/login HTTP/1.1" 200 429
129.177.137.130 - - [16/Oct/2015:18:53:30 +0200] "POST /Obl2TheApplication/login HTTP/1.1" 302 -
129.177.137.130 - - [16/Oct/2015:18:53:30 +0200] "GET /Obl2TheApplication/searchpage HTTP/1.1" 200 1080
0:0:0:0:0:0:0:1 - - [16/Oct/2015:18:53:31 +0200] "GET /Obl2TheApplication/login HTTP/1.1" 200 429
0:0:0:0:0:0:0:1 - - [16/Oct/2015:18:53:34 +0200] "POST /Obl2TheApplication/login HTTP/1.1" 302 -
0:0:0:0:0:0:0:1 - - [16/Oct/2015:18:53:34 +0200] "GET /Obl2TheApplication/searchpage HTTP/1.1" 200 1110
127.0.0.1 - - [16/Oct/2015:18:53:46 +0200] "GET /Obl2TheApplication/v003/wb1913_a.html HTTP/1.1" 200 1179833
0:0:0:0:0:0:0:1 - - [16/Oct/2015:18:53:46 +0200] "GET /Obl2TheApplication/dosearch?user=Didrik&searchkey=asd HTTP/1.1" 200 368
0:0:0:0:0:0:0:1 - - [16/Oct/2015:18:53:49 +0200] "GET /Obl2TheApplication/searchpage HTTP/1.1" 200 1215
127.0.0.1 - - [16/Oct/2015:18:53:50 +0200] "GET /Obl2TheApplication/v003/wb1913_a.html HTTP/1.1" 200 1179833
0:0:0:0:0:0:0:1 - - [16/Oct/2015:18:53:50 +0200] "GET /Obl2TheApplication/dosearch?user=Didrik&searchkey=asd HTTP/1.1" 200 368
0:0:0:0:0:0:0:1 - - [16/Oct/2015:18:53:51 +0200] "GET /Obl2TheApplication/searchpage HTTP/1.1" 200 1195
127.0.0.1 - - [16/Oct/2015:18:53:52 +0200] "GET /Obl2TheApplication/v003/wb1913_a.html HTTP/1.1" 200 1179833
0:0:0:0:0:0:0:1 - - [16/Oct/2015:18:53:52 +0200] "GET /Obl2TheApplication/dosearch?user=Didrik&searchkey=asd HTTP/1.1" 200 368
0:0:0:0:0:0:0:1 - - [16/Oct/2015:18:53:54 +0200] "GET /Obl2TheApplication/login HTTP/1.1" 200 429
0:0:0:0:0:0:0:1 - - [16/Oct/2015:18:53:57 +0200] "POST /Obl2TheApplication/login HTTP/1.1" 302 -
0:0:0:0:0:0:0:1 - - [16/Oct/2015:18:53:57 +0200] "GET /Obl2TheApplication/searchpage HTTP/1.1" 200 1181
127.0.0.1 - - [16/Oct/2015:18:53:58 +0200] "GET /Obl2TheApplication/v003/wb1913_<.html HTTP/1.1" 404 1063
129.177.137.130 - - [16/Oct/2015:18:53:58 +0200] "GET /Obl2TheApplication/dosearch?user=s&searchkey=%3C%21-- HTTP/1.1" 200 364
0:0:0:0:0:0:0:1 - - [16/Oct/2015:18:54:01 +0200] "GET /Obl2TheApplication/searchpage HTTP/1.1" 200 1171
129.177.137.130 - - [16/Oct/2015:18:54:31 +0200] "GET /Obl2TheApplication/newuser HTTP/1.1" 200 1075
129.177.137.130 - - [16/Oct/2015:18:54:33 +0200] "GET /Obl2TheApplication/login HTTP/1.1" 200 429
129.177.137.130 - - [16/Oct/2015:18:54:35 +0200] "POST /Obl2TheApplication/login HTTP/1.1" 302 -
129.177.137.130 - - [16/Oct/2015:18:54:35 +0200] "GET /Obl2TheApplication/searchpage HTTP/1.1" 200 1136
0:0:0:0:0:0:0:1 - - [16/Oct/2015:18:54:56 +0200] "GET /Obl2TheApplication/mydetails HTTP/1.1" 200 976
0:0:0:0:0:0:0:1 - - [16/Oct/2015:18:55:00 +0200] "GET /Obl2TheApplication/newuser HTTP/1.1" 200 1075
0:0:0:0:0:0:0:1 - - [16/Oct/2015:18:55:25 +0200] "POST /Obl2TheApplication/newuser HTTP/1.1" 302 -
0:0:0:0:0:0:0:1 - - [16/Oct/2015:18:55:25 +0200] "GET /Obl2TheApplication/searchpage HTTP/1.1" 200 1262
127.0.0.1 - - [16/Oct/2015:18:55:32 +0200] "GET /Obl2TheApplication/v003/wb1913_d.html HTTP/1.1" 200 1080758
0:0:0:0:0:0:0:1 - - [16/Oct/2015:18:55:32 +0200] "GET /Obl2TheApplication/dosearch?user=Didrik+or+a.a+%3D+asd&searchkey=did HTTP/1.1" 200 413
0:0:0:0:0:0:0:1 - - [16/Oct/2015:18:56:02 +0200] "GET /Obl2TheApplication/login HTTP/1.1" 200 429
0:0:0:0:0:0:0:1 - - [16/Oct/2015:18:56:10 +0200] "POST /Obl2TheApplication/login HTTP/1.1" 302 -
0:0:0:0:0:0:0:1 - - [16/Oct/2015:18:56:10 +0200] "GET /Obl2TheApplication/searchpage HTTP/1.1" 200 1260
127.0.0.1 - - [16/Oct/2015:18:56:17 +0200] "GET /Obl2TheApplication/v003/wb1913_y.html HTTP/1.1" 200 47923
0:0:0:0:0:0:0:1 - - [16/Oct/2015:18:56:17 +0200] "GET /Obl2TheApplication/dosearch?user=Didrik+or+a.a+%3D+asd&searchkey=yo+or+a+%3D+b HTTP/1.1" 200 389
0:0:0:0:0:0:0:1 - - [16/Oct/2015:18:56:21 +0200] "GET /Obl2TheApplication/searchpage HTTP/1.1" 200 1276
127.0.0.1 - - [16/Oct/2015:18:56:28 +0200] "GET /Obl2TheApplication/v003/wb1913_y.html HTTP/1.1" 200 47923
0:0:0:0:0:0:0:1 - - [16/Oct/2015:18:56:28 +0200] "GET /Obl2TheApplication/dosearch?user=Didrik+or+a.a+%3D+asd&searchkey=yo+or+a.a%3Db HTTP/1.1" 200 389
0:0:0:0:0:0:0:1 - - [16/Oct/2015:18:56:30 +0200] "GET /Obl2TheApplication/searchpage HTTP/1.1" 200 1292
127.0.0.1 - - [16/Oct/2015:18:57:21 +0200] "GET /Obl2TheApplication/v003/wb1913_<.html HTTP/1.1" 404 1063
129.177.137.130 - - [16/Oct/2015:18:57:21 +0200] "GET /Obl2TheApplication/dosearch?user=s&searchkey=%3Cscript%3Ewindow.alert%28%22http%3A%2F%2Fwww.w3schools.com%22%29%3B HTTP/1.1" 200 409
127.0.0.1 - - [16/Oct/2015:18:57:28 +0200] "GET /Obl2TheApplication/v003/wb1913_<.html HTTP/1.1" 404 1063
129.177.137.130 - - [16/Oct/2015:18:57:28 +0200] "GET /Obl2TheApplication/dosearch?user=s&searchkey=%3Cscript%3Ewindow.alert%28%22http%3A%2F%2Fwww.w3schools.com%22%29%3B HTTP/1.1" 200 409
127.0.0.1 - - [16/Oct/2015:18:58:24 +0200] "GET /Obl2TheApplication/v003/wb1913_<.html HTTP/1.1" 404 1063
129.177.137.130 - - [16/Oct/2015:18:58:24 +0200] "GET /Obl2TheApplication/dosearch?user=s&searchkey=%3Cscript+type%3D%22text%2Fjavascript%22%3Ewindow.location%3D%22www.sau.no%22%3B%3C%2Fscript%3E HTTP/1.1" 200 429
129.177.137.130 - - [16/Oct/2015:18:58:27 +0200] "GET /Obl2TheApplication/searchpage HTTP/1.1" 200 1348
127.0.0.1 - - [16/Oct/2015:18:59:07 +0200] "GET /Obl2TheApplication/v003/wb1913_1.html HTTP/1.1" 404 1057
0:0:0:0:0:0:0:1 - - [16/Oct/2015:18:59:07 +0200] "GET /Obl2TheApplication/dosearch?user=Didrik+or+a.a+%3D+asd&searchkey=1+or+1%3D1 HTTP/1.1" 200 386
0:0:0:0:0:0:0:1 - - [16/Oct/2015:18:59:11 +0200] "GET /Obl2TheApplication/searchpage HTTP/1.1" 200 1484
127.0.0.1 - - [16/Oct/2015:18:59:13 +0200] "GET /Obl2TheApplication/v003/wb1913_1.html HTTP/1.1" 404 1057
0:0:0:0:0:0:0:1 - - [16/Oct/2015:18:59:13 +0200] "GET /Obl2TheApplication/dosearch?user=Didrik+or+a.a+%3D+asd&searchkey=1+or+1%3D1 HTTP/1.1" 200 386
66.102.9.49 - - [16/Oct/2015:18:59:39 +0200] "GET /Obl2TheApplication/ HTTP/1.1" 200 343
66.102.9.60 - - [16/Oct/2015:18:59:39 +0200] "GET /favicon.ico HTTP/1.1" 404 1005
0:0:0:0:0:0:0:1 - - [16/Oct/2015:19:00:22 +0200] "GET /Obl2TheApplication/login HTTP/1.1" 200 429
0:0:0:0:0:0:0:1 - - [16/Oct/2015:19:00:25 +0200] "POST /Obl2TheApplication/login HTTP/1.1" 302 -
0:0:0:0:0:0:0:1 - - [16/Oct/2015:19:00:25 +0200] "GET /Obl2TheApplication/searchpage HTTP/1.1" 200 1387
0:0:0:0:0:0:0:1 - - [16/Oct/2015:19:00:28 +0200] "GET /Obl2TheApplication/searchpage HTTP/1.1" 200 1387
0:0:0:0:0:0:0:1 - - [16/Oct/2015:19:00:30 +0200] "GET /Obl2TheApplication/mydetails HTTP/1.1" 200 976
127.0.0.1 - - [16/Oct/2015:19:00:39 +0200] "GET /Obl2TheApplication/v003/wb1913_<.html HTTP/1.1" 404 1063
129.177.137.130 - - [16/Oct/2015:19:00:39 +0200] "GET /Obl2TheApplication/dosearch?user=s&searchkey=%3Cimg+src%3D%22http%3A%2F%2Fwww.fjellbrass.no%2Fmedlemmer%2FAtleGeitung.JPG%22+alt%3D%22OWNED%22+style%3D%22width%3A1000px%3Bheight%3A800px%3B%22%3E%3C%21-- HTTP/1.1" 200 473
0:0:0:0:0:0:0:1 - - [16/Oct/2015:19:00:40 +0200] "GET /Obl2TheApplication/mydetails HTTP/1.1" 200 976
0:0:0:0:0:0:0:1 - - [16/Oct/2015:19:00:42 +0200] "GET /Obl2TheApplication/login HTTP/1.1" 200 429
0:0:0:0:0:0:0:1 - - [16/Oct/2015:19:00:44 +0200] "POST /Obl2TheApplication/login HTTP/1.1" 302 -
0:0:0:0:0:0:0:1 - - [16/Oct/2015:19:00:44 +0200] "GET /Obl2TheApplication/searchpage HTTP/1.1" 200 1387
0:0:0:0:0:0:0:1 - - [16/Oct/2015:19:00:46 +0200] "GET /Obl2TheApplication/login HTTP/1.1" 200 429
0:0:0:0:0:0:0:1 - - [16/Oct/2015:19:00:48 +0200] "POST /Obl2TheApplication/login HTTP/1.1" 302 -
0:0:0:0:0:0:0:1 - - [16/Oct/2015:19:00:48 +0200] "GET /Obl2TheApplication/searchpage HTTP/1.1" 200 1387
0:0:0:0:0:0:0:1 - - [16/Oct/2015:19:00:50 +0200] "GET /Obl2TheApplication/mydetails HTTP/1.1" 200 976
0:0:0:0:0:0:0:1 - - [16/Oct/2015:19:00:53 +0200] "GET /Obl2TheApplication/searchpage HTTP/1.1" 200 1387
127.0.0.1 - - [16/Oct/2015:19:00:55 +0200] "GET /Obl2TheApplication/v003/wb1913_1.html HTTP/1.1" 404 1057
0:0:0:0:0:0:0:1 - - [16/Oct/2015:19:00:55 +0200] "GET /Obl2TheApplication/dosearch?user=Didrik&searchkey=1%20or%201=1 HTTP/1.1" 200 373
127.0.0.1 - - [16/Oct/2015:19:00:57 +0200] "GET /Obl2TheApplication/v003/wb1913_1.html HTTP/1.1" 404 1057
0:0:0:0:0:0:0:1 - - [16/Oct/2015:19:00:57 +0200] "GET /Obl2TheApplication/dosearch?user=Didrik&searchkey=1%20or%201=1 HTTP/1.1" 200 373
129.177.137.130 - - [16/Oct/2015:19:00:58 +0200] "GET /Obl2TheApplication/login HTTP/1.1" 200 429
129.177.137.130 - - [16/Oct/2015:19:01:00 +0200] "POST /Obl2TheApplication/login HTTP/1.1" 200 454
129.177.137.130 - - [16/Oct/2015:19:01:02 +0200] "POST /Obl2TheApplication/login HTTP/1.1" 302 -
129.177.137.130 - - [16/Oct/2015:19:01:02 +0200] "GET /Obl2TheApplication/searchpage HTTP/1.1" 200 1264
127.0.0.1 - - [16/Oct/2015:19:01:12 +0200] "GET /Obl2TheApplication/v003/wb1913_<.html HTTP/1.1" 404 1063
129.177.137.130 - - [16/Oct/2015:19:01:12 +0200] "GET /Obl2TheApplication/dosearch?user=s&searchkey=%3Cimg+src%3D%22http%3A%2F%2Fwww.fjellbrass.no%2Fmedlemmer%2FAtleGeitung.JPG%22+alt%3D%22OWNED%22+style%3D%22width%3A1000px%3Bheight%3A800px%3B%22%3E HTTP/1.1" 200 469
129.177.137.130 - - [16/Oct/2015:19:01:20 +0200] "GET /Obl2TheApplication/searchpage HTTP/1.1" 200 1264
127.0.0.1 - - [16/Oct/2015:19:01:23 +0200] "GET /Obl2TheApplication/v003/wb1913_h.html HTTP/1.1" 200 655109
129.177.137.130 - - [16/Oct/2015:19:01:23 +0200] "GET /Obl2TheApplication/dosearch?user=s&searchkey=hei HTTP/1.1" 200 363
129.177.137.130 - - [16/Oct/2015:19:01:25 +0200] "GET /Obl2TheApplication/searchpage HTTP/1.1" 200 1172
127.0.0.1 - - [16/Oct/2015:19:01:27 +0200] "GET /Obl2TheApplication/v003/wb1913_c.html HTTP/1.1" 200 1729280
129.177.137.130 - - [16/Oct/2015:19:01:27 +0200] "GET /Obl2TheApplication/dosearch?user=s&searchkey=car HTTP/1.1" 200 972
129.177.137.130 - - [16/Oct/2015:19:01:30 +0200] "GET /Obl2TheApplication/searchpage HTTP/1.1" 200 1162
127.0.0.1 - - [16/Oct/2015:19:01:33 +0200] "GET /Obl2TheApplication/v003/wb1913_t.html HTTP/1.1" 200 994228
129.177.137.130 - - [16/Oct/2015:19:01:33 +0200] "GET /Obl2TheApplication/dosearch?user=s&searchkey=test HTTP/1.1" 200 1946
127.0.0.1 - - [16/Oct/2015:19:01:41 +0200] "GET /Obl2TheApplication/v003/wb1913_<.html HTTP/1.1" 404 1063
129.177.137.130 - - [16/Oct/2015:19:01:41 +0200] "GET /Obl2TheApplication/dosearch?user=s&searchkey=%3Cimg+src%3D%22http%3A%2F%2Fwww.fjellbrass.no%2Fmedlemmer%2FAtleGeitung.JPG%22+alt%3D%22OWNED%22+style%3D%22width%3A1000px%3Bheight%3A800px%3B%22%3E HTTP/1.1" 200 469
129.177.137.130 - - [16/Oct/2015:19:01:46 +0200] "GET /Obl2TheApplication/searchpage HTTP/1.1" 200 1154
129.177.137.130 - - [16/Oct/2015:19:01:48 +0200] "GET /Obl2TheApplication/searchpage HTTP/1.1" 200 1154
129.177.137.130 - - [16/Oct/2015:19:01:49 +0200] "GET /Obl2TheApplication/searchpage HTTP/1.1" 200 1154
129.177.137.130 - - [16/Oct/2015:19:01:50 +0200] "GET /Obl2TheApplication/searchpage HTTP/1.1" 200 1154
127.0.0.1 - - [16/Oct/2015:19:02:10 +0200] "GET /Obl2TheApplication/v003/wb1913_".html HTTP/1.1" 404 1067
129.177.137.130 - - [16/Oct/2015:19:02:10 +0200] "GET /Obl2TheApplication/dosearch?user=s&searchkey=%22%3Cimg+src%3D%22http%3A%2F%2Fwww.fjellbrass.no%2Fmedlemmer%2FAtleGeitung.JPG%22+alt%3D%22OWNED%22+style%3D%22width%3A1000px%3Bheight%3A800px%3B%22%3E%22 HTTP/1.1" 200 471
129.177.137.130 - - [16/Oct/2015:19:02:17 +0200] "GET /Obl2TheApplication/searchpage HTTP/1.1" 200 1154
127.0.0.1 - - [16/Oct/2015:19:03:06 +0200] "GET /Obl2TheApplication/v003/wb1913_<.html HTTP/1.1" 404 1063
129.177.137.130 - - [16/Oct/2015:19:03:06 +0200] "GET /Obl2TheApplication/dosearch?user=s&searchkey=%3Cimg+src%3D%22http%3A%2F%2Fwww.fjellbrass.no%2Fmedlemmer%2FAtleGeitung.JPG%22%22%3E HTTP/1.1" 200 423
129.177.137.130 - - [16/Oct/2015:19:03:09 +0200] "GET /Obl2TheApplication/searchpage HTTP/1.1" 200 1154
129.177.137.130 - - [16/Oct/2015:19:03:10 +0200] "GET /Obl2TheApplication/searchpage HTTP/1.1" 200 1154
127.0.0.1 - - [16/Oct/2015:19:03:30 +0200] "GET /Obl2TheApplication/v003/wb1913_<.html HTTP/1.1" 404 1063
0:0:0:0:0:0:0:1 - - [16/Oct/2015:19:03:30 +0200] "GET /Obl2TheApplication/dosearch?user=Didrik&searchkey=%3Cscript+type%3D%22text%2Fjavascript%22%3Ewinwow.alert%28%22HEI%21%22%29%3B%3C%2Fscript%3E HTTP/1.1" 200 426
129.177.65.76 - - [16/Oct/2015:19:03:35 +0200] "GET /Obl2TheApplication HTTP/1.1" 302 -
129.177.65.76 - - [16/Oct/2015:19:03:35 +0200] "GET /Obl2TheApplication/ HTTP/1.1" 200 343
129.177.65.76 - - [16/Oct/2015:19:03:35 +0200] "GET /favicon.ico HTTP/1.1" 404 1005
0:0:0:0:0:0:0:1 - - [16/Oct/2015:19:03:36 +0200] "GET /Obl2TheApplication/searchpage HTTP/1.1" 200 1189
129.177.65.76 - - [16/Oct/2015:19:03:37 +0200] "GET /Obl2TheApplication/newuser HTTP/1.1" 200 1075
127.0.0.1 - - [16/Oct/2015:19:03:43 +0200] "GET /Obl2TheApplication/v003/wb1913_t.html HTTP/1.1" 200 994228
0:0:0:0:0:0:0:1 - - [16/Oct/2015:19:03:43 +0200] "GET /Obl2TheApplication/dosearch?user=Didrik&searchkey=test HTTP/1.1" 200 1951
127.0.0.1 - - [16/Oct/2015:19:03:47 +0200] "GET /Obl2TheApplication/v003/wb1913_t.html HTTP/1.1" 200 994228
0:0:0:0:0:0:0:1 - - [16/Oct/2015:19:03:47 +0200] "GET /Obl2TheApplication/dosearch?user=Didrik&searchkey=test HTTP/1.1" 200 1951
127.0.0.1 - - [16/Oct/2015:19:03:51 +0200] "GET /Obl2TheApplication/v003/wb1913_c.html HTTP/1.1" 200 1729280
0:0:0:0:0:0:0:1 - - [16/Oct/2015:19:03:51 +0200] "GET /Obl2TheApplication/dosearch?user=Didrik&searchkey=car HTTP/1.1" 200 977
127.0.0.1 - - [16/Oct/2015:19:03:53 +0200] "GET /Obl2TheApplication/v003/wb1913_h.html HTTP/1.1" 200 655109
0:0:0:0:0:0:0:1 - - [16/Oct/2015:19:03:53 +0200] "GET /Obl2TheApplication/dosearch?user=Didrik&searchkey=hei HTTP/1.1" 200 368
129.177.65.76 - - [16/Oct/2015:19:04:04 +0200] "POST /Obl2TheApplication/newuser HTTP/1.1" 302 -
129.177.65.76 - - [16/Oct/2015:19:04:05 +0200] "GET /Obl2TheApplication/searchpage HTTP/1.1" 200 1325
127.0.0.1 - - [16/Oct/2015:19:04:15 +0200] "GET /Obl2TheApplication/v003/wb1913_<.html HTTP/1.1" 404 1063
0:0:0:0:0:0:0:1 - - [16/Oct/2015:19:04:15 +0200] "GET /Obl2TheApplication/dosearch?user=Didrik&searchkey=%3Cscript+type%3D%22text%2Fjavascript%22%3Ewindow.alert%28%22hei%21%22%29%3B%3C%2Fscript%3E HTTP/1.1" 200 426
127.0.0.1 - - [16/Oct/2015:19:04:15 +0200] "GET /Obl2TheApplication/v003/wb1913_n.html HTTP/1.1" 200 310622
129.177.65.76 - - [16/Oct/2015:19:04:15 +0200] "GET /Obl2TheApplication/dosearch?user=%3Ca%20href= HTTP/1.1" 200 725
129.177.65.76 - - [16/Oct/2015:19:04:19 +0200] "GET /Obl2TheApplication/searchpage HTTP/1.1" 200 1325
129.177.65.76 - - [16/Oct/2015:19:04:28 +0200] "GET /Obl2TheApplication/www.sau.no HTTP/1.1" 404 1041
129.177.65.76 - - [16/Oct/2015:19:04:33 +0200] "GET /Obl2TheApplication/logout HTTP/1.1" 200 343
0:0:0:0:0:0:0:1 - - [16/Oct/2015:19:04:35 +0200] "GET /Obl2TheApplication/searchpage HTTP/1.1" 200 1171
129.177.65.76 - - [16/Oct/2015:19:04:35 +0200] "GET /Obl2TheApplication/newuser HTTP/1.1" 200 1075
127.0.0.1 - - [16/Oct/2015:19:04:57 +0200] "GET /Obl2TheApplication/v003/wb1913_<.html HTTP/1.1" 404 1063
0:0:0:0:0:0:0:1 - - [16/Oct/2015:19:04:57 +0200] "GET /Obl2TheApplication/dosearch?user=Didrik&searchkey=%3Cscript+type%3D%22text%2Fjavascript%22%3Ealert%28%22HAI%22%29%3B%3C%2Fscript%3E HTTP/1.1" 200 418
129.177.65.76 - - [16/Oct/2015:19:05:06 +0200] "POST /Obl2TheApplication/newuser HTTP/1.1" 302 -
129.177.65.76 - - [16/Oct/2015:19:05:06 +0200] "GET /Obl2TheApplication/searchpage HTTP/1.1" 200 1416
0:0:0:0:0:0:0:1 - - [16/Oct/2015:19:05:13 +0200] "GET /Obl2TheApplication/searchpage HTTP/1.1" 200 1171
127.0.0.1 - - [16/Oct/2015:19:05:15 +0200] "GET /Obl2TheApplication/v003/wb1913_s.html HTTP/1.1" 200 2205657
129.177.65.76 - - [16/Oct/2015:19:05:15 +0200] "GET /Obl2TheApplication/dosearch?user=%3Ca+href%3D&searchkey=Sauer HTTP/1.1" 200 405
129.177.65.76 - - [16/Oct/2015:19:05:24 +0200] "GET /Obl2TheApplication/searchpage HTTP/1.1" 200 1416
127.0.0.1 - - [16/Oct/2015:19:05:24 +0200] "GET /Obl2TheApplication/v003/wb1913_<.html HTTP/1.1" 404 1063
0:0:0:0:0:0:0:1 - - [16/Oct/2015:19:05:24 +0200] "GET /Obl2TheApplication/dosearch?user=Didrik&searchkey=%3Cscript%3Ewindow.alert%28%22hei%22%29%3B%3C%2Fscript%3E HTTP/1.1" 200 402
0:0:0:0:0:0:0:1 - - [16/Oct/2015:19:05:36 +0200] "GET /Obl2TheApplication/searchpage HTTP/1.1" 200 1237
127.0.0.1 - - [16/Oct/2015:19:05:43 +0200] "GET /Obl2TheApplication/v003/wb1913_<.html HTTP/1.1" 404 1063
0:0:0:0:0:0:0:1 - - [16/Oct/2015:19:05:43 +0200] "GET /Obl2TheApplication/dosearch?user=Didrik&searchkey=%3Cscript%3Ewindow.alert( HTTP/1.1" 200 386
127.0.0.1 - - [16/Oct/2015:19:06:04 +0200] "GET /Obl2TheApplication/v003/wb1913_<.html HTTP/1.1" 404 1063
0:0:0:0:0:0:0:1 - - [16/Oct/2015:19:06:04 +0200] "GET /Obl2TheApplication/dosearch?user=Didrik&searchkey=%3Cscript%3Ewindow.alert%28%22hei%22%29%3B%3C%2Fscript%3E HTTP/1.1" 200 402
0:0:0:0:0:0:0:1 - - [16/Oct/2015:19:06:05 +0200] "GET /Obl2TheApplication/searchpage HTTP/1.1" 200 1337
0:0:0:0:0:0:0:1 - - [16/Oct/2015:19:06:11 +0200] "GET /Obl2TheApplication/searchpage HTTP/1.1" 200 1337
127.0.0.1 - - [16/Oct/2015:19:06:32 +0200] "GET /Obl2TheApplication/v003/wb1913_<.html HTTP/1.1" 404 1063
129.177.65.76 - - [16/Oct/2015:19:06:32 +0200] "GET /Obl2TheApplication/dosearch?user=%3Ca+href%3D&searchkey=%3Cscript%3Ewindow.location+%3D+%22http%3A%2F%2Fwww.sau.no%22%3B%3C%2Fscript%3E HTTP/1.1" 200 455
0:0:0:0:0:0:0:1 - - [16/Oct/2015:19:06:36 +0200] "GET /Obl2TheApplication/searchpage HTTP/1.1" 200 1337
129.177.65.76 - - [16/Oct/2015:19:06:45 +0200] "GET /Obl2TheApplication/searchpage HTTP/1.1" 200 1582
127.0.0.1 - - [16/Oct/2015:19:07:22 +0200] "GET /Obl2TheApplication/v003/wb1913_<.html HTTP/1.1" 404 1063
129.177.137.130 - - [16/Oct/2015:19:07:22 +0200] "GET /Obl2TheApplication/dosearch?user=s&searchkey=%3Cimg+src%3D%22goo.gl%2FKGo3M8%22%22%3E HTTP/1.1" 200 386
129.177.137.130 - - [16/Oct/2015:19:07:22 +0200] "GET /Obl2TheApplication/goo.gl/KGo3M8 HTTP/1.1" 404 1047
129.177.137.130 - - [16/Oct/2015:19:07:24 +0200] "GET /Obl2TheApplication/searchpage HTTP/1.1" 200 1348
129.177.137.130 - - [16/Oct/2015:19:07:24 +0200] "GET /Obl2TheApplication/goo.gl/KGo3M8 HTTP/1.1" 404 1047
127.0.0.1 - - [16/Oct/2015:19:07:36 +0200] "GET /Obl2TheApplication/v003/wb1913_<.html HTTP/1.1" 404 1063
129.177.65.76 - - [16/Oct/2015:19:07:36 +0200] "GET /Obl2TheApplication/dosearch?user=%3Ca+href%3D&searchkey=%3Cscript+type%3D%22text%2Fjavascript%22%3Ewindow.open%28%22http%3A%2F%2Fwww.sau.no%22%29%3B%3C%2Fscript%3E HTTP/1.1" 200 473
129.177.65.76 - - [16/Oct/2015:19:07:37 +0200] "GET /Obl2TheApplication/searchpage HTTP/1.1" 200 1628
129.177.65.76 - - [16/Oct/2015:19:07:38 +0200] "GET /Obl2TheApplication/goo.gl/KGo3M8 HTTP/1.1" 404 1047
127.0.0.1 - - [16/Oct/2015:19:07:42 +0200] "GET /Obl2TheApplication/v003/wb1913_n.html HTTP/1.1" 200 310622
129.177.65.76 - - [16/Oct/2015:19:07:42 +0200] "GET /Obl2TheApplication/dosearch?user=%3Ca%20href= HTTP/1.1" 200 738
129.177.65.76 - - [16/Oct/2015:19:07:51 +0200] "GET /Obl2TheApplication/searchpage HTTP/1.1" 200 1628
129.177.65.76 - - [16/Oct/2015:19:07:51 +0200] "GET /Obl2TheApplication/goo.gl/KGo3M8 HTTP/1.1" 404 1047
0:0:0:0:0:0:0:1 - - [16/Oct/2015:19:08:04 +0200] "GET /Obl2TheApplication/searchpage HTTP/1.1" 200 1383
0:0:0:0:0:0:0:1 - - [16/Oct/2015:19:08:04 +0200] "GET /Obl2TheApplication/goo.gl/KGo3M8 HTTP/1.1" 404 1047
127.0.0.1 - - [16/Oct/2015:19:08:11 +0200] "GET /Obl2TheApplication/v003/wb1913_n.html HTTP/1.1" 200 310622
129.177.65.76 - - [16/Oct/2015:19:08:11 +0200] "GET /Obl2TheApplication/dosearch?user=%3Ca%20href= HTTP/1.1" 200 738
129.177.65.76 - - [16/Oct/2015:19:08:24 +0200] "GET /Obl2TheApplication/newuser HTTP/1.1" 200 1075
129.177.65.76 - - [16/Oct/2015:19:08:31 +0200] "POST /Obl2TheApplication/newuser HTTP/1.1" 302 -
129.177.65.76 - - [16/Oct/2015:19:08:31 +0200] "GET /Obl2TheApplication/searchpage HTTP/1.1" 200 1369
129.177.65.76 - - [16/Oct/2015:19:08:31 +0200] "GET /Obl2TheApplication/goo.gl/KGo3M8 HTTP/1.1" 404 1047
127.0.0.1 - - [16/Oct/2015:19:08:39 +0200] "GET /Obl2TheApplication/v003/wb1913_<.html HTTP/1.1" 404 1063
129.177.65.76 - - [16/Oct/2015:19:08:39 +0200] "GET /Obl2TheApplication/dosearch?user=%3C!--&searchkey=%3Cscript%3Ewindow.alert( HTTP/1.1" 200 384
127.0.0.1 - - [16/Oct/2015:19:08:44 +0200] "GET /Obl2TheApplication/v003/wb1913_t.html HTTP/1.1" 200 994228
129.177.65.76 - - [16/Oct/2015:19:08:44 +0200] "GET /Obl2TheApplication/dosearch?user=%3C%21--&searchkey=tiss HTTP/1.1" 200 367
129.177.65.76 - - [16/Oct/2015:19:08:46 +0200] "GET /Obl2TheApplication/searchpage HTTP/1.1" 200 1338
127.0.0.1 - - [16/Oct/2015:19:08:50 +0200] "GET /Obl2TheApplication/v003/wb1913_c.html HTTP/1.1" 200 1729280
129.177.65.76 - - [16/Oct/2015:19:08:50 +0200] "GET /Obl2TheApplication/dosearch?user=%3C%21--&searchkey=cook HTTP/1.1" 200 1020
129.177.65.76 - - [16/Oct/2015:19:08:52 +0200] "GET /Obl2TheApplication/searchpage HTTP/1.1" 200 1304
127.0.0.1 - - [16/Oct/2015:19:08:56 +0200] "GET /Obl2TheApplication/v003/wb1913_c.html HTTP/1.1" 200 1729280
129.177.65.76 - - [16/Oct/2015:19:08:56 +0200] "GET /Obl2TheApplication/dosearch?user=%3C%21--&searchkey=cock HTTP/1.1" 200 1983
129.177.65.76 - - [16/Oct/2015:19:09:19 +0200] "GET /Obl2TheApplication/searchpage HTTP/1.1" 200 1238
129.177.65.76 - - [16/Oct/2015:19:09:22 +0200] "GET /Obl2TheApplication/mydetails HTTP/1.1" 200 875
127.0.0.1 - - [16/Oct/2015:19:09:25 +0200] "GET /Obl2TheApplication/v003/wb1913_<.html HTTP/1.1" 404 1063
129.177.137.130 - - [16/Oct/2015:19:09:25 +0200] "GET /Obl2TheApplication/dosearch?user=s&searchkey=%3Cimg+src%3Dfjellbrass.no%2Fmedlemmer%2FAtleGeitung.JPG%3E HTTP/1.1" 200 409
129.177.137.130 - - [16/Oct/2015:19:09:25 +0200] "GET /Obl2TheApplication/fjellbrass.no/medlemmer/AtleGeitung.JPG HTTP/1.1" 404 1099
127.0.0.1 - - [16/Oct/2015:19:09:37 +0200] "GET /Obl2TheApplication/v003/wb1913_;.html HTTP/1.1" 404 1057
129.177.65.76 - - [16/Oct/2015:19:09:37 +0200] "GET /Obl2TheApplication/dosearch?user=%3C%21--&searchkey=%3B+select+*+from+*+-- HTTP/1.1" 200 383
129.177.65.76 - - [16/Oct/2015:19:09:38 +0200] "GET /Obl2TheApplication/searchpage HTTP/1.1" 200 1283
129.177.65.76 - - [16/Oct/2015:19:09:39 +0200] "GET /Obl2TheApplication/fjellbrass.no/medlemmer/AtleGeitung.JPG HTTP/1.1" 404 1099
127.0.0.1 - - [16/Oct/2015:19:09:40 +0200] "GET /Obl2TheApplication/v003/wb1913_;.html HTTP/1.1" 404 1057
129.177.65.76 - - [16/Oct/2015:19:09:40 +0200] "GET /Obl2TheApplication/dosearch?user=%3C!--&searchkey=;%20select%20*%20from%20*%20-- HTTP/1.1" 200 383
127.0.0.1 - - [16/Oct/2015:19:10:01 +0200] "GET /Obl2TheApplication/v003/wb1913_<.html HTTP/1.1" 404 1063
129.177.137.130 - - [16/Oct/2015:19:10:01 +0200] "GET /Obl2TheApplication/dosearch?user=s&searchkey=%3Cimg+src%3D%27fjellbrass.no%2Fmedlemmer%2FAtleGeitung.JPG%27%3E HTTP/1.1" 200 411
129.177.137.130 - - [16/Oct/2015:19:10:01 +0200] "GET /Obl2TheApplication/fjellbrass.no/medlemmer/AtleGeitung.JPG HTTP/1.1" 404 1099
127.0.0.1 - - [16/Oct/2015:19:10:17 +0200] "GET /Obl2TheApplication/v003/wb1913_;.html HTTP/1.1" 404 1057
129.177.65.76 - - [16/Oct/2015:19:10:17 +0200] "GET /Obl2TheApplication/dosearch?user=%3C%21--&searchkey=%3B+SELECT+*+FROM+History+-- HTTP/1.1" 200 389
127.0.0.1 - - [16/Oct/2015:19:10:23 +0200] "GET /Obl2TheApplication/v003/wb1913_;.html HTTP/1.1" 404 1057
129.177.65.76 - - [16/Oct/2015:19:10:23 +0200] "GET /Obl2TheApplication/dosearch?user=%3C%21--&searchkey=%3B+SELECT+*+FROM+History%3B HTTP/1.1" 200 387
127.0.0.1 - - [16/Oct/2015:19:10:34 +0200] "GET /Obl2TheApplication/v003/wb1913_a.html HTTP/1.1" 200 1179833
129.177.65.76 - - [16/Oct/2015:19:10:34 +0200] "GET /Obl2TheApplication/dosearch?user=%3C%21--&searchkey=and+i+%3D+3 HTTP/1.1" 200 372
129.177.65.76 - - [16/Oct/2015:19:10:36 +0200] "GET /Obl2TheApplication/searchpage HTTP/1.1" 200 1320
127.0.0.1 - - [16/Oct/2015:19:10:51 +0200] "GET /Obl2TheApplication/v003/wb1913_w.html HTTP/1.1" 200 461373
129.177.65.76 - - [16/Oct/2015:19:10:51 +0200] "GET /Obl2TheApplication/dosearch?user=%3C%21--&searchkey=window.open%28%22www.sau.no%22%29%3B HTTP/1.1" 200 389
129.177.65.76 - - [16/Oct/2015:19:10:53 +0200] "GET /Obl2TheApplication/searchpage HTTP/1.1" 200 1332
127.0.0.1 - - [16/Oct/2015:19:11:39 +0200] "GET /Obl2TheApplication/v003/wb1913_<.html HTTP/1.1" 404 1063
129.177.65.76 - - [16/Oct/2015:19:11:39 +0200] "GET /Obl2TheApplication/dosearch?user=%3C%21--&searchkey=%3Ca+href%3D%22http%3A%2F%2Fwww.sau.no%22%3EOmg%3Ca%2F%3E HTTP/1.1" 200 398
129.177.65.76 - - [16/Oct/2015:19:11:55 +0200] "GET /Obl2TheApplication/searchpage HTTP/1.1" 200 1362
0:0:0:0:0:0:0:1 - - [16/Oct/2015:19:12:05 +0200] "GET /Obl2TheApplication/searchpage HTTP/1.1" 200 1376
0:0:0:0:0:0:0:1 - - [16/Oct/2015:19:12:05 +0200] "GET /favicon.ico HTTP/1.1" 404 1005
127.0.0.1 - - [16/Oct/2015:19:12:06 +0200] "GET /Obl2TheApplication/v003/wb1913_w.html HTTP/1.1" 200 461373
0:0:0:0:0:0:0:1 - - [16/Oct/2015:19:12:06 +0200] "GET /Obl2TheApplication/dosearch?user=Didrik&searchkey=window.open( HTTP/1.1" 200 377
127.0.0.1 - - [16/Oct/2015:19:12:12 +0200] "GET /Obl2TheApplication/v003/wb1913_<.html HTTP/1.1" 404 1063
0:0:0:0:0:0:0:1 - - [16/Oct/2015:19:12:12 +0200] "GET /Obl2TheApplication/dosearch?user=Didrik&searchkey=%3Ca%20href= HTTP/1.1" 200 373
0:0:0:0:0:0:0:1 - - [16/Oct/2015:19:12:13 +0200] "GET /Obl2TheApplication/%3C/b%3E%3C/p%3E%3Cbr%3E%3Cp%3E%3Ca%20href= HTTP/1.1" 404 1107
127.0.0.1 - - [16/Oct/2015:19:13:02 +0200] "GET /Obl2TheApplication/v003/wb1913_<.html HTTP/1.1" 404 1063
129.177.65.76 - - [16/Oct/2015:19:13:02 +0200] "GET /Obl2TheApplication/dosearch?user=%3C%21--&searchkey=%3Ca+href%3D%22http%3A%2F%2Fwww.brann.no%22%3ECheck+this+out%21%21%21%3C%2Fa%3E HTTP/1.1" 200 414
129.177.65.76 - - [16/Oct/2015:19:13:05 +0200] "GET /Obl2TheApplication/searchpage HTTP/1.1" 200 1303
129.177.65.76 - - [16/Oct/2015:19:13:09 +0200] "GET /Obl2TheApplication/searchpage HTTP/1.1" 200 1303
129.177.65.76 - - [16/Oct/2015:19:13:11 +0200] "GET /Obl2TheApplication/mydetails HTTP/1.1" 200 1803
129.177.65.76 - - [16/Oct/2015:19:13:17 +0200] "GET /Obl2TheApplication/searchpage HTTP/1.1" 200 1303
129.177.65.76 - - [16/Oct/2015:19:13:17 +0200] "GET /Obl2TheApplication/searchpage HTTP/1.1" 200 1303
129.177.65.76 - - [16/Oct/2015:19:13:30 +0200] "GET /Obl2TheApplication/searchpage HTTP/1.1" 200 1303
129.177.65.76 - - [16/Oct/2015:19:13:35 +0200] "GET /Obl2TheApplication/mydetails HTTP/1.1" 200 1803
129.177.65.76 - - [16/Oct/2015:19:13:40 +0200] "GET /Obl2TheApplication/newuser HTTP/1.1" 200 1075
129.177.65.76 - - [16/Oct/2015:19:13:58 +0200] "POST /Obl2TheApplication/newuser HTTP/1.1" 302 -
129.177.65.76 - - [16/Oct/2015:19:13:58 +0200] "GET /Obl2TheApplication/searchpage HTTP/1.1" 200 1387
129.177.65.76 - - [16/Oct/2015:19:14:03 +0200] "GET /Obl2TheApplication/mydetails HTTP/1.1" 200 475
129.177.65.76 - - [16/Oct/2015:19:14:06 +0200] "GET /Obl2TheApplication/newuser HTTP/1.1" 200 1075
127.0.0.1 - - [16/Oct/2015:19:14:10 +0200] "GET /Obl2TheApplication/v003/wb1913_<.html HTTP/1.1" 404 1063
129.177.137.130 - - [16/Oct/2015:19:14:10 +0200] "GET /Obl2TheApplication/dosearch?user=s&searchkey=%3Cimg+src%3D%22fjellbrass.no%2Fmedlemmer%2FAtleGeitung.JPG%22%3E HTTP/1.1" 200 411
129.177.137.130 - - [16/Oct/2015:19:14:10 +0200] "GET /Obl2TheApplication/fjellbrass.no/medlemmer/AtleGeitung.JPG HTTP/1.1" 404 1099
129.177.137.130 - - [16/Oct/2015:19:14:11 +0200] "GET /Obl2TheApplication/searchpage HTTP/1.1" 200 1282
129.177.137.130 - - [16/Oct/2015:19:14:13 +0200] "GET /Obl2TheApplication/searchpage HTTP/1.1" 200 1282
129.177.65.76 - - [16/Oct/2015:19:14:14 +0200] "POST /Obl2TheApplication/newuser HTTP/1.1" 302 -
129.177.65.76 - - [16/Oct/2015:19:14:14 +0200] "GET /Obl2TheApplication/searchpage HTTP/1.1" 200 1401
129.177.65.76 - - [16/Oct/2015:19:14:20 +0200] "GET /Obl2TheApplication/newuser HTTP/1.1" 200 1075
129.177.65.76 - - [16/Oct/2015:19:14:36 +0200] "POST /Obl2TheApplication/newuser HTTP/1.1" 302 -
129.177.65.76 - - [16/Oct/2015:19:14:36 +0200] "GET /Obl2TheApplication/searchpage HTTP/1.1" 200 1408
127.0.0.1 - - [16/Oct/2015:19:14:52 +0200] "GET /Obl2TheApplication/v003/wb1913_;.html HTTP/1.1" 404 1057
129.177.65.76 - - [16/Oct/2015:19:14:52 +0200] "GET /Obl2TheApplication/dosearch?user=%3B+Drop+TABLE+user%3B+&searchkey=%3BDROP+Table+history-- HTTP/1.1" 200 399
129.177.65.76 - - [16/Oct/2015:19:14:53 +0200] "GET /Obl2TheApplication/searchpage HTTP/1.1" 200 1432
127.0.0.1 - - [16/Oct/2015:19:16:29 +0200] "GET /Obl2TheApplication/v003/wb1913_<.html HTTP/1.1" 404 1063
129.177.137.130 - - [16/Oct/2015:19:16:29 +0200] "GET /Obl2TheApplication/dosearch?user=s&searchkey=%3Ciframe+src%3D%22sau.no%22%3E%3C%2Fiframe%3E HTTP/1.1" 200 390
129.177.137.130 - - [16/Oct/2015:19:16:29 +0200] "GET /Obl2TheApplication/sau.no HTTP/1.1" 404 1033
127.0.0.1 - - [16/Oct/2015:19:16:37 +0200] "GET /Obl2TheApplication/v003/wb1913_<.html HTTP/1.1" 404 1063
129.177.137.130 - - [16/Oct/2015:19:16:37 +0200] "GET /Obl2TheApplication/dosearch?user=s&searchkey=%3Ciframe+src%3D%22www.sau.no%22%3E%3C%2Fiframe%3E HTTP/1.1" 200 394
129.177.137.130 - - [16/Oct/2015:19:16:37 +0200] "GET /Obl2TheApplication/www.sau.no HTTP/1.1" 404 1041
127.0.0.1 - - [16/Oct/2015:19:16:51 +0200] "GET /Obl2TheApplication/v003/wb1913_<.html HTTP/1.1" 404 1063
129.177.137.130 - - [16/Oct/2015:19:16:51 +0200] "GET /Obl2TheApplication/dosearch?user=s&searchkey=%3Ciframe+src%3D%22%2F..%2Fsau.no%22%3E%3C%2Fiframe%3E HTTP/1.1" 200 394
129.177.137.130 - - [16/Oct/2015:19:16:51 +0200] "GET /sau.no HTTP/1.1" 404 995
127.0.0.1 - - [16/Oct/2015:19:16:55 +0200] "GET /Obl2TheApplication/v003/wb1913_<.html HTTP/1.1" 404 1063
129.177.137.130 - - [16/Oct/2015:19:16:55 +0200] "GET /Obl2TheApplication/dosearch?user=s&searchkey=%3Ciframe+src%3D%22..%2Fsau.no%22%3E%3C%2Fiframe%3E HTTP/1.1" 200 393
129.177.137.130 - - [16/Oct/2015:19:16:56 +0200] "GET /sau.no HTTP/1.1" 404 995
127.0.0.1 - - [16/Oct/2015:19:16:59 +0200] "GET /Obl2TheApplication/v003/wb1913_<.html HTTP/1.1" 404 1063
129.177.137.130 - - [16/Oct/2015:19:16:59 +0200] "GET /Obl2TheApplication/dosearch?user=s&searchkey=%3Ciframe+src%3D%22..%2Fsau.no%22%3E%3C%2Fiframe%3E HTTP/1.1" 200 393
129.177.137.130 - - [16/Oct/2015:19:16:59 +0200] "GET /sau.no HTTP/1.1" 404 995
127.0.0.1 - - [16/Oct/2015:19:17:10 +0200] "GET /Obl2TheApplication/v003/wb1913_<.html HTTP/1.1" 404 1063
129.177.137.130 - - [16/Oct/2015:19:17:10 +0200] "GET /Obl2TheApplication/dosearch?user=s&searchkey=%3Ciframe+src%3D%22..%2Fsau.no%22%3E%3C%2Fiframe%3E HTTP/1.1" 200 393
129.177.137.130 - - [16/Oct/2015:19:17:10 +0200] "GET /sau.no HTTP/1.1" 404 995
127.0.0.1 - - [16/Oct/2015:19:18:43 +0200] "GET /Obl2TheApplication/v003/wb1913_<.html HTTP/1.1" 404 1063
129.177.137.130 - - [16/Oct/2015:19:18:43 +0200] "GET /Obl2TheApplication/dosearch?user=s&searchkey=%3Ciframe+src%3D%22..%2Fsau.no%22%3E%3C%2Fiframe%3E HTTP/1.1" 200 393
129.177.137.130 - - [16/Oct/2015:19:18:43 +0200] "GET /sau.no HTTP/1.1" 404 995
127.0.0.1 - - [16/Oct/2015:19:19:25 +0200] "GET /Obl2TheApplication/v003/wb1913_<.html HTTP/1.1" 404 1063
129.177.137.130 - - [16/Oct/2015:19:19:25 +0200] "GET /Obl2TheApplication/dosearch?user=s&searchkey=%3Ciframe+src%3D%22http%3A%2F%2Fgoo.gl%2FAQOeYs%22%3E%3C%2Fiframe%3E HTTP/1.1" 200 404
127.0.0.1 - - [16/Oct/2015:19:19:27 +0200] "GET /Obl2TheApplication/v003/wb1913_<.html HTTP/1.1" 404 1063
129.177.137.130 - - [16/Oct/2015:19:19:27 +0200] "GET /Obl2TheApplication/dosearch?user=s&searchkey=%3Ciframe+src%3D%22http%3A%2F%2Fgoo.gl%2FAQOeYs%22%3E%3C%2Fiframe%3E HTTP/1.1" 200 404
129.177.137.130 - - [16/Oct/2015:19:19:28 +0200] "GET /Obl2TheApplication/searchpage HTTP/1.1" 200 1474
129.177.137.130 - - [16/Oct/2015:19:19:28 +0200] "GET /sau.no HTTP/1.1" 404 995
129.177.137.130 - - [16/Oct/2015:19:19:28 +0200] "GET /sau.no HTTP/1.1" 404 995
129.177.137.130 - - [16/Oct/2015:19:19:29 +0200] "GET /sau.no HTTP/1.1" 404 995
129.177.65.76 - - [16/Oct/2015:19:19:35 +0200] "GET /Obl2TheApplication/mydetails HTTP/1.1" 200 622
129.177.65.76 - - [16/Oct/2015:19:19:36 +0200] "GET /Obl2TheApplication/searchpage HTTP/1.1" 200 1600
0:0:0:0:0:0:0:1 - - [16/Oct/2015:19:19:36 +0200] "GET /Obl2TheApplication/searchpage HTTP/1.1" 200 1509
129.177.65.76 - - [16/Oct/2015:19:19:36 +0200] "GET /sau.no HTTP/1.1" 404 995
129.177.65.76 - - [16/Oct/2015:19:19:36 +0200] "GET /sau.no HTTP/1.1" 404 995
129.177.65.76 - - [16/Oct/2015:19:19:36 +0200] "GET /sau.no HTTP/1.1" 404 995
0:0:0:0:0:0:0:1 - - [16/Oct/2015:19:19:36 +0200] "GET /sau.no HTTP/1.1" 404 995
0:0:0:0:0:0:0:1 - - [16/Oct/2015:19:19:38 +0200] "GET /sau.no HTTP/1.1" 404 995
0:0:0:0:0:0:0:1 - - [16/Oct/2015:19:19:38 +0200] "GET /sau.no HTTP/1.1" 404 995
129.177.65.76 - - [16/Oct/2015:19:22:37 +0200] "GET /Obl2TheApplication/mydetails HTTP/1.1" 200 622
129.177.65.76 - - [16/Oct/2015:19:22:38 +0200] "GET /Obl2TheApplication/searchpage HTTP/1.1" 200 1600
129.177.65.76 - - [16/Oct/2015:19:22:38 +0200] "GET /sau.no HTTP/1.1" 404 995
129.177.65.76 - - [16/Oct/2015:19:22:38 +0200] "GET /sau.no HTTP/1.1" 404 995
129.177.65.76 - - [16/Oct/2015:19:22:38 +0200] "GET /sau.no HTTP/1.1" 404 995
129.177.65.76 - - [16/Oct/2015:19:22:40 +0200] "GET /Obl2TheApplication/searchpage HTTP/1.1" 200 1600
129.177.65.76 - - [16/Oct/2015:19:22:40 +0200] "GET /sau.no HTTP/1.1" 404 995
129.177.65.76 - - [16/Oct/2015:19:22:40 +0200] "GET /sau.no HTTP/1.1" 404 995
129.177.65.76 - - [16/Oct/2015:19:22:40 +0200] "GET /sau.no HTTP/1.1" 404 995
129.177.65.76 - - [16/Oct/2015:19:22:41 +0200] "GET /Obl2TheApplication/searchpage HTTP/1.1" 200 1600
129.177.65.76 - - [16/Oct/2015:19:22:41 +0200] "GET /sau.no HTTP/1.1" 404 995
129.177.65.76 - - [16/Oct/2015:19:22:41 +0200] "GET /sau.no HTTP/1.1" 404 995
129.177.65.76 - - [16/Oct/2015:19:22:41 +0200] "GET /sau.no HTTP/1.1" 404 995
