127.0.0.1 - - [26/Aug/2015:11:04:06 +0200] "GET / HTTP/1.1" 404 951
127.0.0.1 - - [26/Aug/2015:11:04:49 +0200] "GET / HTTP/1.1" 404 951
0:0:0:0:0:0:0:1 - - [26/Aug/2015:11:06:07 +0200] "GET /rest HTTP/1.1" 302 -
0:0:0:0:0:0:0:1 - - [26/Aug/2015:11:06:07 +0200] "GET /rest/ HTTP/1.1" 404 961
0:0:0:0:0:0:0:1 - - [26/Aug/2015:11:06:08 +0200] "GET /favicon.ico HTTP/1.1" 404 973
0:0:0:0:0:0:0:1 - - [26/Aug/2015:11:06:15 +0200] "GET /rest/resources/unsecure/this HTTP/1.1" 404 949
0:0:0:0:0:0:0:1 - - [26/Aug/2015:11:06:20 +0200] "GET /rest/resources/unsecure/ HTTP/1.1" 404 949
0:0:0:0:0:0:0:1 - - [26/Aug/2015:11:06:24 +0200] "GET /rest/resources/ HTTP/1.1" 404 949
0:0:0:0:0:0:0:1 - - [26/Aug/2015:11:06:51 +0200] "GET /rest/ HTTP/1.1" 404 961
0:0:0:0:0:0:0:1 - - [26/Aug/2015:11:07:03 +0200] "GET / HTTP/1.1" 404 951
127.0.0.1 - - [26/Aug/2015:13:02:11 +0200] "GET / HTTP/1.1" 404 951
127.0.0.1 - - [26/Aug/2015:13:02:34 +0200] "GET / HTTP/1.1" 404 951
127.0.0.1 - - [26/Aug/2015:13:18:31 +0200] "GET / HTTP/1.1" 404 951
127.0.0.1 - - [26/Aug/2015:13:26:49 +0200] "GET / HTTP/1.1" 404 951
0:0:0:0:0:0:0:1 - - [26/Aug/2015:13:27:14 +0200] "GET /service/rest/hello HTTP/1.1" 404 967
0:0:0:0:0:0:0:1 - - [26/Aug/2015:13:27:18 +0200] "GET /service/rest HTTP/1.1" 404 967
0:0:0:0:0:0:0:1 - - [26/Aug/2015:13:28:25 +0200] "GET /service/rest/hello HTTP/1.1" 404 967
127.0.0.1 - - [26/Aug/2015:13:29:12 +0200] "GET / HTTP/1.1" 404 951
127.0.0.1 - - [26/Aug/2015:13:29:34 +0200] "GET / HTTP/1.1" 404 951
0:0:0:0:0:0:0:1 - - [26/Aug/2015:13:30:18 +0200] "GET /service/rest/hello HTTP/1.1" 404 967
0:0:0:0:0:0:0:1 - - [26/Aug/2015:13:31:20 +0200] "GET /service/rest/hello HTTP/1.1" 404 967
0:0:0:0:0:0:0:1 - - [26/Aug/2015:13:32:37 +0200] "GET /rest/rest/hello HTTP/1.1" 404 981
0:0:0:0:0:0:0:1 - - [26/Aug/2015:13:32:46 +0200] "GET /service/rest/hello HTTP/1.1" 404 967
127.0.0.1 - - [26/Aug/2015:13:33:10 +0200] "GET / HTTP/1.1" 404 951
0:0:0:0:0:0:0:1 - - [26/Aug/2015:13:33:15 +0200] "GET /service/rest/hello HTTP/1.1" 200 76
127.0.0.1 - - [26/Aug/2015:14:26:47 +0200] "GET / HTTP/1.1" 404 951
0:0:0:0:0:0:0:1 - - [26/Aug/2015:14:27:40 +0200] "GET /service/rest/hello/get/1 HTTP/1.1" 500 19498
127.0.0.1 - - [26/Aug/2015:14:30:40 +0200] "GET / HTTP/1.1" 404 951
0:0:0:0:0:0:0:1 - - [26/Aug/2015:14:30:44 +0200] "GET /service/rest/hello/get/1 HTTP/1.1" 500 19498
127.0.0.1 - - [26/Aug/2015:14:31:58 +0200] "GET / HTTP/1.1" 404 951
0:0:0:0:0:0:0:1 - - [26/Aug/2015:14:32:02 +0200] "GET /service/rest/hello/get/1 HTTP/1.1" 500 19498
127.0.0.1 - - [26/Aug/2015:14:33:39 +0200] "GET / HTTP/1.1" 404 951
0:0:0:0:0:0:0:1 - - [26/Aug/2015:14:34:10 +0200] "GET /service/rest/hello/get/1 HTTP/1.1" 200 11
0:0:0:0:0:0:0:1 - - [26/Aug/2015:15:00:58 +0200] "GET /service/rest/hello/get/1 HTTP/1.1" 500 1039
127.0.0.1 - - [26/Aug/2015:15:02:00 +0200] "GET / HTTP/1.1" 404 951
0:0:0:0:0:0:0:1 - - [26/Aug/2015:15:02:02 +0200] "GET /service/rest/hello/get/1 HTTP/1.1" 404 967
127.0.0.1 - - [26/Aug/2015:15:02:28 +0200] "GET / HTTP/1.1" 404 951
0:0:0:0:0:0:0:1 - - [26/Aug/2015:15:02:29 +0200] "GET /service/rest/hello/get/1 HTTP/1.1" 404 967
0:0:0:0:0:0:0:1 - - [26/Aug/2015:15:02:34 +0200] "GET /service/rest/hello/get/1 HTTP/1.1" 404 967
0:0:0:0:0:0:0:1 - - [26/Aug/2015:15:04:00 +0200] "GET /service/rest/hello/1 HTTP/1.1" 404 967
0:0:0:0:0:0:0:1 - - [26/Aug/2015:15:05:16 +0200] "GET /service/rest/hello/get/1 HTTP/1.1" 404 967
127.0.0.1 - - [26/Aug/2015:15:06:29 +0200] "GET / HTTP/1.1" 404 951
0:0:0:0:0:0:0:1 - - [26/Aug/2015:15:06:34 +0200] "GET /service/rest/hello/get/1 HTTP/1.1" 500 1039
127.0.0.1 - - [26/Aug/2015:15:09:14 +0200] "GET / HTTP/1.1" 404 951
127.0.0.1 - - [26/Aug/2015:15:09:32 +0200] "GET / HTTP/1.1" 404 951
0:0:0:0:0:0:0:1 - - [26/Aug/2015:15:09:38 +0200] "GET /service/rest/hello/get/1 HTTP/1.1" 404 967
127.0.0.1 - - [26/Aug/2015:15:11:54 +0200] "GET / HTTP/1.1" 404 951
127.0.0.1 - - [26/Aug/2015:15:12:25 +0200] "GET / HTTP/1.1" 404 951
127.0.0.1 - - [26/Aug/2015:15:12:57 +0200] "GET / HTTP/1.1" 404 951
0:0:0:0:0:0:0:1 - - [26/Aug/2015:15:13:03 +0200] "GET /service/rest/hello/get/1 HTTP/1.1" 404 967
127.0.0.1 - - [26/Aug/2015:15:18:35 +0200] "GET / HTTP/1.1" 404 951
0:0:0:0:0:0:0:1 - - [26/Aug/2015:15:18:44 +0200] "GET /service/rest/hello/get/1 HTTP/1.1" 500 1039
127.0.0.1 - - [26/Aug/2015:15:19:04 +0200] "GET / HTTP/1.1" 404 951
0:0:0:0:0:0:0:1 - - [26/Aug/2015:15:19:09 +0200] "GET /service/rest/hello/get/1 HTTP/1.1" 500 1039
0:0:0:0:0:0:0:1 - - [26/Aug/2015:15:19:22 +0200] "GET /service/rest/hello/get/1 HTTP/1.1" 500 1039
127.0.0.1 - - [26/Aug/2015:15:19:41 +0200] "GET / HTTP/1.1" 404 951
0:0:0:0:0:0:0:1 - - [26/Aug/2015:15:19:46 +0200] "GET /service/rest/hello/get/1 HTTP/1.1" 500 1039
127.0.0.1 - - [26/Aug/2015:15:19:56 +0200] "GET / HTTP/1.1" 404 951
0:0:0:0:0:0:0:1 - - [26/Aug/2015:15:20:00 +0200] "GET /service/rest/hello/get/1 HTTP/1.1" 500 1039
127.0.0.1 - - [26/Aug/2015:15:22:47 +0200] "GET / HTTP/1.1" 404 951
0:0:0:0:0:0:0:1 - - [26/Aug/2015:15:22:51 +0200] "GET /service/rest/hello/get/1 HTTP/1.1" 404 967
127.0.0.1 - - [26/Aug/2015:15:24:01 +0200] "GET / HTTP/1.1" 404 951
0:0:0:0:0:0:0:1 - - [26/Aug/2015:15:24:05 +0200] "GET /service/rest/hello/get/1 HTTP/1.1" 404 967
127.0.0.1 - - [26/Aug/2015:15:33:18 +0200] "GET / HTTP/1.1" 404 951
0:0:0:0:0:0:0:1 - - [26/Aug/2015:15:33:21 +0200] "GET /service/rest/hello/get/1 HTTP/1.1" 404 967
127.0.0.1 - - [26/Aug/2015:15:39:17 +0200] "GET / HTTP/1.1" 404 951
0:0:0:0:0:0:0:1 - - [26/Aug/2015:15:39:25 +0200] "GET /service/rest/hello/get/1 HTTP/1.1" 404 967
0:0:0:0:0:0:0:1 - - [26/Aug/2015:15:42:24 +0200] "GET /service/rest/hello/get/1 HTTP/1.1" 404 967
127.0.0.1 - - [26/Aug/2015:15:44:26 +0200] "GET / HTTP/1.1" 404 951
0:0:0:0:0:0:0:1 - - [26/Aug/2015:15:44:31 +0200] "GET /service/rest/hello/get/1 HTTP/1.1" 500 1039
127.0.0.1 - - [26/Aug/2015:15:49:04 +0200] "GET / HTTP/1.1" 404 951
127.0.0.1 - - [26/Aug/2015:15:51:26 +0200] "GET / HTTP/1.1" 404 951
0:0:0:0:0:0:0:1 - - [26/Aug/2015:15:51:29 +0200] "GET /service/rest/hello/get/1 HTTP/1.1" 500 1039
0:0:0:0:0:0:0:1 - - [26/Aug/2015:15:51:29 +0200] "GET /service/rest/hello/get/1 HTTP/1.1" 500 1039
127.0.0.1 - - [26/Aug/2015:15:54:11 +0200] "GET / HTTP/1.1" 404 951
127.0.0.1 - - [26/Aug/2015:15:54:28 +0200] "GET / HTTP/1.1" 404 951
127.0.0.1 - - [26/Aug/2015:15:54:49 +0200] "GET / HTTP/1.1" 404 951
0:0:0:0:0:0:0:1 - - [26/Aug/2015:15:55:08 +0200] "GET /service/rest/hello/get/1 HTTP/1.1" 500 1039
127.0.0.1 - - [26/Aug/2015:15:56:59 +0200] "GET / HTTP/1.1" 404 951
0:0:0:0:0:0:0:1 - - [26/Aug/2015:15:57:09 +0200] "GET /service/rest/hello/get/1 HTTP/1.1" 500 1039
127.0.0.1 - - [26/Aug/2015:16:00:09 +0200] "GET / HTTP/1.1" 404 951
0:0:0:0:0:0:0:1 - - [26/Aug/2015:16:00:17 +0200] "GET /service/rest/hello/get/1 HTTP/1.1" 500 1039
0:0:0:0:0:0:0:1 - - [26/Aug/2015:16:02:17 +0200] "GET /service/rest/hello/get/1 HTTP/1.1" 500 1039
0:0:0:0:0:0:0:1 - - [26/Aug/2015:16:05:12 +0200] "GET /service/rest/hello/get/1 HTTP/1.1" 500 20823
127.0.0.1 - - [26/Aug/2015:16:05:58 +0200] "GET / HTTP/1.1" 404 951
0:0:0:0:0:0:0:1 - - [26/Aug/2015:16:06:06 +0200] "GET /service/rest/hello/get/1 HTTP/1.1" 500 16112
127.0.0.1 - - [26/Aug/2015:16:06:55 +0200] "GET / HTTP/1.1" 404 951
0:0:0:0:0:0:0:1 - - [26/Aug/2015:16:06:56 +0200] "GET /service/rest/hello/get/1 HTTP/1.1" 500 18963
127.0.0.1 - - [26/Aug/2015:16:07:19 +0200] "GET / HTTP/1.1" 404 951
0:0:0:0:0:0:0:1 - - [26/Aug/2015:16:07:24 +0200] "GET /service/rest/hello/get/1 HTTP/1.1" 500 18963
127.0.0.1 - - [26/Aug/2015:16:08:18 +0200] "GET / HTTP/1.1" 404 951
0:0:0:0:0:0:0:1 - - [26/Aug/2015:16:08:19 +0200] "GET /service/rest/hello/get/1 HTTP/1.1" 500 18963
127.0.0.1 - - [26/Aug/2015:16:10:25 +0200] "GET / HTTP/1.1" 404 951
0:0:0:0:0:0:0:1 - - [26/Aug/2015:16:10:32 +0200] "GET /service/rest/hello/get/1 HTTP/1.1" 500 16112
127.0.0.1 - - [26/Aug/2015:16:13:46 +0200] "GET / HTTP/1.1" 404 951
127.0.0.1 - - [26/Aug/2015:16:14:07 +0200] "GET / HTTP/1.1" 404 951
127.0.0.1 - - [26/Aug/2015:16:14:35 +0200] "GET / HTTP/1.1" 404 951
0:0:0:0:0:0:0:1 - - [26/Aug/2015:16:14:41 +0200] "GET /service/rest/hello/get/1 HTTP/1.1" 500 16112
127.0.0.1 - - [26/Aug/2015:16:15:20 +0200] "GET / HTTP/1.1" 404 951
0:0:0:0:0:0:0:1 - - [26/Aug/2015:16:15:32 +0200] "GET /service/rest/hello/get/1 HTTP/1.1" 500 16112
127.0.0.1 - - [26/Aug/2015:16:19:47 +0200] "GET / HTTP/1.1" 404 951
0:0:0:0:0:0:0:1 - - [26/Aug/2015:16:19:58 +0200] "GET /service/rest/hello/get/1 HTTP/1.1" 500 1039
0:0:0:0:0:0:0:1 - - [26/Aug/2015:16:20:51 +0200] "GET /service/rest/hello/get/1 HTTP/1.1" 500 1039
127.0.0.1 - - [26/Aug/2015:16:24:39 +0200] "GET / HTTP/1.1" 404 951
0:0:0:0:0:0:0:1 - - [26/Aug/2015:16:24:40 +0200] "GET /service/rest/hello/get/1 HTTP/1.1" 404 967
0:0:0:0:0:0:0:1 - - [26/Aug/2015:16:25:07 +0200] "GET /service/rest/hello/get/1 HTTP/1.1" 404 967
127.0.0.1 - - [26/Aug/2015:16:25:31 +0200] "GET / HTTP/1.1" 404 951
127.0.0.1 - - [26/Aug/2015:16:25:33 +0200] "GET /service/rest/hello/get/1 HTTP/1.1" 500 1039
127.0.0.1 - - [26/Aug/2015:16:39:30 +0200] "GET / HTTP/1.1" 404 951
0:0:0:0:0:0:0:1 - - [26/Aug/2015:16:39:36 +0200] "GET /service/rest/hello/get/1 HTTP/1.1" 500 1039
127.0.0.1 - - [26/Aug/2015:16:41:15 +0200] "GET / HTTP/1.1" 404 951
0:0:0:0:0:0:0:1 - - [26/Aug/2015:16:41:16 +0200] "GET /service/rest/hello/get/1 HTTP/1.1" 404 967
0:0:0:0:0:0:0:1 - - [26/Aug/2015:16:41:26 +0200] "GET /service/rest/hello/get/1 HTTP/1.1" 404 967
127.0.0.1 - - [26/Aug/2015:16:41:57 +0200] "GET / HTTP/1.1" 404 951
0:0:0:0:0:0:0:1 - - [26/Aug/2015:16:42:17 +0200] "GET /service/rest/hello/get/1 HTTP/1.1" 500 1039
127.0.0.1 - - [26/Aug/2015:16:43:46 +0200] "GET / HTTP/1.1" 404 951
0:0:0:0:0:0:0:1 - - [26/Aug/2015:16:44:00 +0200] "GET /service/rest/hello/get/1 HTTP/1.1" 500 1039
127.0.0.1 - - [26/Aug/2015:16:45:28 +0200] "GET / HTTP/1.1" 404 951
0:0:0:0:0:0:0:1 - - [26/Aug/2015:16:45:36 +0200] "GET /service/rest/hello/get/1 HTTP/1.1" 500 1039
127.0.0.1 - - [26/Aug/2015:16:47:24 +0200] "GET / HTTP/1.1" 404 951
127.0.0.1 - - [26/Aug/2015:16:48:10 +0200] "GET / HTTP/1.1" 404 951
0:0:0:0:0:0:0:1 - - [26/Aug/2015:16:48:30 +0200] "GET /service/rest/hello/get/1 HTTP/1.1" 500 1039
127.0.0.1 - - [26/Aug/2015:16:54:06 +0200] "GET / HTTP/1.1" 404 951
127.0.0.1 - - [26/Aug/2015:16:54:33 +0200] "GET / HTTP/1.1" 404 951
0:0:0:0:0:0:0:1 - - [26/Aug/2015:16:55:24 +0200] "GET /service/rest/hello/get/1 HTTP/1.1" 500 4314
127.0.0.1 - - [26/Aug/2015:16:58:36 +0200] "GET / HTTP/1.1" 404 951
0:0:0:0:0:0:0:1 - - [26/Aug/2015:16:58:43 +0200] "GET /service/rest/hello/get/1 HTTP/1.1" 500 21362
127.0.0.1 - - [26/Aug/2015:16:59:36 +0200] "GET / HTTP/1.1" 404 951
0:0:0:0:0:0:0:1 - - [26/Aug/2015:16:59:52 +0200] "GET /service/rest/hello/get/1 HTTP/1.1" 200 33
0:0:0:0:0:0:0:1 - - [26/Aug/2015:17:00:02 +0200] "GET /service/rest/hello/get/2 HTTP/1.1" 200 30
0:0:0:0:0:0:0:1 - - [26/Aug/2015:17:00:07 +0200] "GET /service/rest/hello/get/3 HTTP/1.1" 200 31
0:0:0:0:0:0:0:1 - - [26/Aug/2015:17:00:11 +0200] "GET /service/rest/hello/get/1 HTTP/1.1" 200 33
0:0:0:0:0:0:0:1 - - [26/Aug/2015:17:01:01 +0200] "GET /service/rest/hello/get/2 HTTP/1.1" 200 30
0:0:0:0:0:0:0:1 - - [26/Aug/2015:17:01:01 +0200] "GET /service/rest/hello/get/1 HTTP/1.1" 200 33
127.0.0.1 - - [26/Aug/2015:18:25:35 +0200] "GET / HTTP/1.1" 404 951
0:0:0:0:0:0:0:1 - - [26/Aug/2015:18:25:40 +0200] "GET /service/rest/hello/get/2 HTTP/1.1" 200 30
127.0.0.1 - - [26/Aug/2015:18:54:40 +0200] "GET / HTTP/1.1" 404 951
0:0:0:0:0:0:0:1 - - [26/Aug/2015:18:54:56 +0200] "GET /service/rest/hello/list/1 HTTP/1.1" 204 -
127.0.0.1 - - [26/Aug/2015:18:57:10 +0200] "GET / HTTP/1.1" 404 951
0:0:0:0:0:0:0:1 - - [26/Aug/2015:18:57:16 +0200] "GET /service/rest/hello/get/2 HTTP/1.1" 200 30
0:0:0:0:0:0:0:1 - - [26/Aug/2015:18:57:24 +0200] "GET /service/rest/hello/get/2 HTTP/1.1" 200 30
0:0:0:0:0:0:0:1 - - [26/Aug/2015:18:57:36 +0200] "GET /service/rest/hello/list/1 HTTP/1.1" 204 -
0:0:0:0:0:0:0:1 - - [26/Aug/2015:18:57:42 +0200] "GET /service/rest/hello/list/1 HTTP/1.1" 204 -
0:0:0:0:0:0:0:1 - - [26/Aug/2015:18:57:46 +0200] "GET /service/rest/hello/get/1 HTTP/1.1" 200 33
0:0:0:0:0:0:0:1 - - [26/Aug/2015:18:58:05 +0200] "GET /service/rest/list/1 HTTP/1.1" 404 967
127.0.0.1 - - [26/Aug/2015:18:58:46 +0200] "GET / HTTP/1.1" 404 951
0:0:0:0:0:0:0:1 - - [26/Aug/2015:18:58:53 +0200] "GET /service/rest/list/1 HTTP/1.1" 404 967
0:0:0:0:0:0:0:1 - - [26/Aug/2015:18:58:58 +0200] "GET /service/rest/list/1 HTTP/1.1" 404 967
0:0:0:0:0:0:0:1 - - [26/Aug/2015:18:59:11 +0200] "GET /service/rest/list/1 HTTP/1.1" 404 967
0:0:0:0:0:0:0:1 - - [26/Aug/2015:18:59:12 +0200] "GET /service/rest/list/1 HTTP/1.1" 404 967
0:0:0:0:0:0:0:1 - - [26/Aug/2015:18:59:32 +0200] "GET /service/rest/list/1 HTTP/1.1" 404 967
0:0:0:0:0:0:0:1 - - [26/Aug/2015:19:00:08 +0200] "GET /service/rest/get/1 HTTP/1.1" 404 967
0:0:0:0:0:0:0:1 - - [26/Aug/2015:19:00:14 +0200] "GET /service/rest/get/1 HTTP/1.1" 404 967
0:0:0:0:0:0:0:1 - - [26/Aug/2015:19:00:17 +0200] "GET /service/rest/hello/get/3 HTTP/1.1" 500 16124
127.0.0.1 - - [26/Aug/2015:19:00:33 +0200] "GET / HTTP/1.1" 404 951
0:0:0:0:0:0:0:1 - - [26/Aug/2015:19:00:37 +0200] "GET /service/rest/hello/get/3 HTTP/1.1" 500 16124
127.0.0.1 - - [26/Aug/2015:19:01:17 +0200] "GET / HTTP/1.1" 404 951
0:0:0:0:0:0:0:1 - - [26/Aug/2015:19:01:21 +0200] "GET /service/rest/hello/get/3 HTTP/1.1" 200 31
0:0:0:0:0:0:0:1 - - [26/Aug/2015:19:01:28 +0200] "GET /service/rest/hello/list/1 HTTP/1.1" 204 -
0:0:0:0:0:0:0:1 - - [26/Aug/2015:19:01:34 +0200] "GET /service/rest/list/1 HTTP/1.1" 404 967
127.0.0.1 - - [26/Aug/2015:19:03:35 +0200] "GET / HTTP/1.1" 404 951
0:0:0:0:0:0:0:1 - - [26/Aug/2015:19:03:37 +0200] "GET /service/rest/hello/get/3 HTTP/1.1" 500 21257
127.0.0.1 - - [26/Aug/2015:19:05:03 +0200] "GET / HTTP/1.1" 404 951
0:0:0:0:0:0:0:1 - - [26/Aug/2015:19:05:06 +0200] "GET /service/rest/hello/get/3 HTTP/1.1" 500 14436
127.0.0.1 - - [26/Aug/2015:19:05:45 +0200] "GET / HTTP/1.1" 404 951
0:0:0:0:0:0:0:1 - - [26/Aug/2015:19:05:45 +0200] "GET /service/rest/hello/get/3 HTTP/1.1" 500 14436
127.0.0.1 - - [26/Aug/2015:19:07:22 +0200] "GET / HTTP/1.1" 404 951
0:0:0:0:0:0:0:1 - - [26/Aug/2015:19:07:22 +0200] "GET /service/rest/hello/get/3 HTTP/1.1" 404 999
0:0:0:0:0:0:0:1 - - [26/Aug/2015:19:07:26 +0200] "GET /service/rest/hello/get/3 HTTP/1.1" 404 999
0:0:0:0:0:0:0:1 - - [26/Aug/2015:19:07:36 +0200] "GET /service/rest/hello/get/3 HTTP/1.1" 404 999
127.0.0.1 - - [26/Aug/2015:19:08:04 +0200] "GET / HTTP/1.1" 404 951
0:0:0:0:0:0:0:1 - - [26/Aug/2015:19:08:12 +0200] "GET /service/rest/hello/get/3 HTTP/1.1" 500 14491
127.0.0.1 - - [26/Aug/2015:19:13:26 +0200] "GET / HTTP/1.1" 404 951
0:0:0:0:0:0:0:1 - - [26/Aug/2015:19:13:36 +0200] "GET /service/rest/hello/get/3 HTTP/1.1" 500 14436
127.0.0.1 - - [26/Aug/2015:19:16:01 +0200] "GET / HTTP/1.1" 404 951
0:0:0:0:0:0:0:1 - - [26/Aug/2015:19:16:06 +0200] "GET /service/rest/hello/get/3 HTTP/1.1" 500 7924
127.0.0.1 - - [26/Aug/2015:19:17:47 +0200] "GET / HTTP/1.1" 404 951
0:0:0:0:0:0:0:1 - - [26/Aug/2015:19:17:56 +0200] "GET /service/rest/get/1 HTTP/1.1" 404 967
0:0:0:0:0:0:0:1 - - [26/Aug/2015:19:18:04 +0200] "GET /service/rest/get/1 HTTP/1.1" 404 967
0:0:0:0:0:0:0:1 - - [26/Aug/2015:19:18:05 +0200] "GET /service/rest/get/1 HTTP/1.1" 404 967
0:0:0:0:0:0:0:1 - - [26/Aug/2015:19:18:10 +0200] "GET /service/rest/hello/get/3 HTTP/1.1" 500 7932
127.0.0.1 - - [26/Aug/2015:19:19:08 +0200] "GET / HTTP/1.1" 404 951
0:0:0:0:0:0:0:1 - - [26/Aug/2015:19:19:12 +0200] "GET /service/rest/hello/get/3 HTTP/1.1" 500 7944
127.0.0.1 - - [26/Aug/2015:19:19:39 +0200] "GET / HTTP/1.1" 404 951
0:0:0:0:0:0:0:1 - - [26/Aug/2015:19:19:39 +0200] "GET /service/rest/hello/get/3 HTTP/1.1" 500 14491
127.0.0.1 - - [26/Aug/2015:19:20:54 +0200] "GET / HTTP/1.1" 404 951
0:0:0:0:0:0:0:1 - - [26/Aug/2015:19:20:55 +0200] "GET /service/rest/hello/get/3 HTTP/1.1" 500 14491
127.0.0.1 - - [26/Aug/2015:19:21:41 +0200] "GET / HTTP/1.1" 404 951
0:0:0:0:0:0:0:1 - - [26/Aug/2015:19:21:44 +0200] "GET /service/rest/hello/get/3 HTTP/1.1" 500 16518
127.0.0.1 - - [26/Aug/2015:19:22:09 +0200] "GET / HTTP/1.1" 404 951
0:0:0:0:0:0:0:1 - - [26/Aug/2015:19:22:11 +0200] "GET /service/rest/hello/get/3 HTTP/1.1" 404 999
0:0:0:0:0:0:0:1 - - [26/Aug/2015:19:22:13 +0200] "GET /service/rest/hello/get/3 HTTP/1.1" 404 999
127.0.0.1 - - [26/Aug/2015:19:22:56 +0200] "GET / HTTP/1.1" 404 951
0:0:0:0:0:0:0:1 - - [26/Aug/2015:19:22:59 +0200] "GET /service/rest/hello/get/3 HTTP/1.1" 500 14491
127.0.0.1 - - [26/Aug/2015:19:23:39 +0200] "GET / HTTP/1.1" 404 951
0:0:0:0:0:0:0:1 - - [26/Aug/2015:19:23:48 +0200] "GET /service/rest/hello/get/3 HTTP/1.1" 500 21362
127.0.0.1 - - [26/Aug/2015:19:24:21 +0200] "GET / HTTP/1.1" 404 951
0:0:0:0:0:0:0:1 - - [26/Aug/2015:19:24:24 +0200] "GET /service/rest/hello/get/3 HTTP/1.1" 200 31
127.0.0.1 - - [26/Aug/2015:19:28:11 +0200] "GET / HTTP/1.1" 404 951
0:0:0:0:0:0:0:1 - - [26/Aug/2015:19:28:14 +0200] "GET /service/rest/hello/get/1 HTTP/1.1" 200 33
0:0:0:0:0:0:0:1 - - [26/Aug/2015:19:28:18 +0200] "GET /service/rest/hello/list/1 HTTP/1.1" 204 -
127.0.0.1 - - [26/Aug/2015:19:28:47 +0200] "GET / HTTP/1.1" 404 951
0:0:0:0:0:0:0:1 - - [26/Aug/2015:19:28:49 +0200] "GET /service/rest/hello/list/1 HTTP/1.1" 204 -
127.0.0.1 - - [26/Aug/2015:19:29:20 +0200] "GET / HTTP/1.1" 404 951
0:0:0:0:0:0:0:1 - - [26/Aug/2015:19:29:29 +0200] "GET /service/rest/hello/list/1 HTTP/1.1" 204 -
127.0.0.1 - - [26/Aug/2015:19:30:26 +0200] "GET / HTTP/1.1" 404 951
0:0:0:0:0:0:0:1 - - [26/Aug/2015:19:30:32 +0200] "GET /service/rest/hello/list/1 HTTP/1.1" 204 -
127.0.0.1 - - [26/Aug/2015:19:31:34 +0200] "GET / HTTP/1.1" 404 951
0:0:0:0:0:0:0:1 - - [26/Aug/2015:19:31:40 +0200] "GET /service/rest/hello/list/1 HTTP/1.1" 204 -
127.0.0.1 - - [26/Aug/2015:19:32:06 +0200] "GET / HTTP/1.1" 404 951
0:0:0:0:0:0:0:1 - - [26/Aug/2015:19:32:09 +0200] "GET /service/rest/hello/list/1 HTTP/1.1" 204 -
127.0.0.1 - - [26/Aug/2015:19:32:32 +0200] "GET / HTTP/1.1" 404 951
0:0:0:0:0:0:0:1 - - [26/Aug/2015:19:32:34 +0200] "GET /service/rest/hello/list/1 HTTP/1.1" 204 -
127.0.0.1 - - [26/Aug/2015:19:40:54 +0200] "GET / HTTP/1.1" 404 951
0:0:0:0:0:0:0:1 - - [26/Aug/2015:19:41:06 +0200] "GET /service/rest/hello/list/1 HTTP/1.1" 200 90
0:0:0:0:0:0:0:1 - - [26/Aug/2015:19:41:14 +0200] "GET /service/rest/hello/get/1 HTTP/1.1" 200 33
127.0.0.1 - - [26/Aug/2015:19:41:46 +0200] "GET / HTTP/1.1" 404 951
0:0:0:0:0:0:0:1 - - [26/Aug/2015:19:41:50 +0200] "GET /service/rest/hello/get/1 HTTP/1.1" 200 33
0:0:0:0:0:0:0:1 - - [26/Aug/2015:19:42:06 +0200] "GET /service/rest/hello/list/1 HTTP/1.1" 200 68005
127.0.0.1 - - [26/Aug/2015:19:42:33 +0200] "GET / HTTP/1.1" 404 951
0:0:0:0:0:0:0:1 - - [26/Aug/2015:19:42:36 +0200] "GET /service/rest/hello/list/1 HTTP/1.1" 200 90
127.0.0.1 - - [26/Aug/2015:19:42:52 +0200] "GET / HTTP/1.1" 404 951
0:0:0:0:0:0:0:1 - - [26/Aug/2015:19:42:53 +0200] "GET /service/rest/hello/list/1 HTTP/1.1" 200 68005
127.0.0.1 - - [26/Aug/2015:19:43:13 +0200] "GET / HTTP/1.1" 404 951
127.0.0.1 - - [26/Aug/2015:19:55:33 +0200] "GET / HTTP/1.1" 404 951
127.0.0.1 - - [26/Aug/2015:19:59:07 +0200] "GET /service/rest/hello/requestList HTTP/1.1" 200 98
127.0.0.1 - - [26/Aug/2015:19:59:29 +0200] "GET /service/rest/hello/requestList HTTP/1.1" 200 98
127.0.0.1 - - [26/Aug/2015:19:59:36 +0200] "GET /service/rest/hello/requestList HTTP/1.1" 200 98
127.0.0.1 - - [26/Aug/2015:20:00:03 +0200] "GET /service/rest/hello/requestList HTTP/1.1" 200 98
127.0.0.1 - - [26/Aug/2015:20:01:53 +0200] "GET /service/rest/hello/requestList HTTP/1.1" 200 98
127.0.0.1 - - [26/Aug/2015:20:03:45 +0200] "GET /service/rest/hello/requestList HTTP/1.1" 200 98
127.0.0.1 - - [26/Aug/2015:20:06:25 +0200] "GET /service/rest/hello/requestList HTTP/1.1" 200 98
127.0.0.1 - - [26/Aug/2015:20:08:50 +0200] "GET / HTTP/1.1" 404 951
127.0.0.1 - - [26/Aug/2015:20:08:53 +0200] "GET /service/rest/hello/requestList HTTP/1.1" 200 98
127.0.0.1 - - [26/Aug/2015:20:10:02 +0200] "GET /service/rest/hello/requestList HTTP/1.1" 200 98
127.0.0.1 - - [26/Aug/2015:20:20:34 +0200] "GET /service/rest/hello/requestList HTTP/1.1" 200 98
127.0.0.1 - - [26/Aug/2015:20:31:13 +0200] "GET /service/rest/hello/requestList HTTP/1.1" 200 98
127.0.0.1 - - [26/Aug/2015:20:31:51 +0200] "GET /service/rest/hello/requestList HTTP/1.1" 200 98
127.0.0.1 - - [26/Aug/2015:20:32:07 +0200] "GET /service/rest/hello/requestList HTTP/1.1" 200 98
127.0.0.1 - - [26/Aug/2015:20:32:48 +0200] "GET /service/rest/hello/requestList HTTP/1.1" 200 98
127.0.0.1 - - [26/Aug/2015:20:33:12 +0200] "GET /service/rest/hello/requestList HTTP/1.1" 200 98
127.0.0.1 - - [26/Aug/2015:20:34:10 +0200] "GET /service/rest/hello/requestList HTTP/1.1" 200 98
127.0.0.1 - - [26/Aug/2015:20:34:22 +0200] "GET /service/rest/hello/requestList HTTP/1.1" 200 98
127.0.0.1 - - [26/Aug/2015:20:34:23 +0200] "GET /service/rest/hello/requestList HTTP/1.1" 200 98
127.0.0.1 - - [26/Aug/2015:20:34:23 +0200] "GET /service/rest/hello/requestList HTTP/1.1" 200 98
127.0.0.1 - - [26/Aug/2015:20:34:23 +0200] "GET /service/rest/hello/requestList HTTP/1.1" 200 98
127.0.0.1 - - [26/Aug/2015:20:34:23 +0200] "GET /service/rest/hello/requestList HTTP/1.1" 200 98
127.0.0.1 - - [26/Aug/2015:20:34:41 +0200] "GET /service/rest/hello/requestList HTTP/1.1" 200 98
127.0.0.1 - - [26/Aug/2015:20:36:27 +0200] "GET /service/rest/hello/requestList HTTP/1.1" 200 98
127.0.0.1 - - [26/Aug/2015:20:36:37 +0200] "GET /service/rest/hello/requestList HTTP/1.1" 200 98
127.0.0.1 - - [26/Aug/2015:20:36:48 +0200] "GET /service/rest/hello/requestList HTTP/1.1" 200 98
127.0.0.1 - - [26/Aug/2015:20:37:05 +0200] "GET /service/rest/hello/requestList HTTP/1.1" 200 98
127.0.0.1 - - [26/Aug/2015:20:37:14 +0200] "GET /service/rest/hello/requestList HTTP/1.1" 200 98
127.0.0.1 - - [26/Aug/2015:20:37:45 +0200] "GET /service/rest/hello/requestList HTTP/1.1" 200 98
127.0.0.1 - - [26/Aug/2015:20:38:24 +0200] "GET /service/rest/hello/requestList HTTP/1.1" 200 98
127.0.0.1 - - [26/Aug/2015:20:38:50 +0200] "GET /service/rest/hello/requestList HTTP/1.1" 200 98
127.0.0.1 - - [26/Aug/2015:20:38:57 +0200] "GET /service/rest/hello/requestList HTTP/1.1" 200 98
127.0.0.1 - - [26/Aug/2015:20:39:10 +0200] "GET /service/rest/hello/requestList HTTP/1.1" 200 98
127.0.0.1 - - [26/Aug/2015:20:47:29 +0200] "GET /service/rest/hello/requestList HTTP/1.1" 200 98
127.0.0.1 - - [26/Aug/2015:20:48:40 +0200] "GET /service/rest/hello/requestList HTTP/1.1" 200 98
127.0.0.1 - - [26/Aug/2015:20:49:25 +0200] "GET /service/rest/hello/requestList HTTP/1.1" 200 98
127.0.0.1 - - [26/Aug/2015:20:51:52 +0200] "GET /service/rest/hello/requestList HTTP/1.1" 200 98
127.0.0.1 - - [26/Aug/2015:20:53:46 +0200] "GET /service/rest/hello/requestList HTTP/1.1" 200 98
127.0.0.1 - - [26/Aug/2015:20:54:12 +0200] "GET /service/rest/hello/requestList HTTP/1.1" 200 98
127.0.0.1 - - [26/Aug/2015:20:54:23 +0200] "GET /service/rest/hello/requestList HTTP/1.1" 200 98
127.0.0.1 - - [26/Aug/2015:20:54:33 +0200] "GET /service/rest/hello/requestList HTTP/1.1" 200 98
127.0.0.1 - - [26/Aug/2015:20:55:50 +0200] "GET /service/rest/hello/requestList HTTP/1.1" 200 98
127.0.0.1 - - [26/Aug/2015:20:56:26 +0200] "GET /service/rest/hello/requestList HTTP/1.1" 200 98
127.0.0.1 - - [26/Aug/2015:20:56:51 +0200] "GET /service/rest/hello/requestList HTTP/1.1" 200 98
127.0.0.1 - - [26/Aug/2015:20:57:17 +0200] "GET /service/rest/hello/requestList HTTP/1.1" 200 98
127.0.0.1 - - [26/Aug/2015:20:58:11 +0200] "GET /service/rest/hello/requestList HTTP/1.1" 200 98
127.0.0.1 - - [26/Aug/2015:20:58:37 +0200] "GET /service/rest/hello/requestList HTTP/1.1" 200 98
127.0.0.1 - - [26/Aug/2015:21:00:56 +0200] "GET /service/rest/hello/requestList HTTP/1.1" 200 98
127.0.0.1 - - [26/Aug/2015:21:01:31 +0200] "GET /service/rest/hello/requestList HTTP/1.1" 200 98
127.0.0.1 - - [26/Aug/2015:21:07:55 +0200] "GET /service/rest/hello/requestList HTTP/1.1" 200 98
127.0.0.1 - - [26/Aug/2015:21:14:17 +0200] "GET /service/rest/hello/requestList HTTP/1.1" 200 98
127.0.0.1 - - [26/Aug/2015:21:14:23 +0200] "GET /service/rest/hello/requestList HTTP/1.1" 200 98
127.0.0.1 - - [26/Aug/2015:21:14:27 +0200] "GET /service/rest/hello/requestList HTTP/1.1" 200 98
127.0.0.1 - - [26/Aug/2015:21:15:17 +0200] "GET /service/rest/hello/requestList HTTP/1.1" 200 98
127.0.0.1 - - [26/Aug/2015:21:15:38 +0200] "GET /service/rest/hello/requestList HTTP/1.1" 200 98
127.0.0.1 - - [26/Aug/2015:21:15:42 +0200] "GET /service/rest/hello/requestList HTTP/1.1" 200 98
127.0.0.1 - - [26/Aug/2015:21:15:51 +0200] "GET /service/rest/hello/requestList HTTP/1.1" 200 98
127.0.0.1 - - [26/Aug/2015:21:15:58 +0200] "GET /service/rest/hello/requestList HTTP/1.1" 200 98
127.0.0.1 - - [26/Aug/2015:21:16:04 +0200] "GET /service/rest/hello/requestList HTTP/1.1" 200 98
127.0.0.1 - - [26/Aug/2015:21:16:27 +0200] "GET /service/rest/hello/requestList HTTP/1.1" 200 98
127.0.0.1 - - [26/Aug/2015:21:16:35 +0200] "GET /service/rest/hello/requestList HTTP/1.1" 200 98
127.0.0.1 - - [26/Aug/2015:21:16:38 +0200] "GET /service/rest/hello/requestList HTTP/1.1" 200 98
127.0.0.1 - - [26/Aug/2015:21:18:26 +0200] "GET /service/rest/hello/requestList HTTP/1.1" 200 98
127.0.0.1 - - [26/Aug/2015:21:18:31 +0200] "GET /service/rest/hello/requestList HTTP/1.1" 200 98
127.0.0.1 - - [26/Aug/2015:21:18:36 +0200] "GET /service/rest/hello/requestList HTTP/1.1" 200 98
127.0.0.1 - - [26/Aug/2015:21:28:24 +0200] "GET /service/rest/hello/requestList HTTP/1.1" 200 98
127.0.0.1 - - [26/Aug/2015:21:28:26 +0200] "GET /service/rest/hello/requestList HTTP/1.1" 200 98
127.0.0.1 - - [26/Aug/2015:21:28:38 +0200] "GET /service/rest/hello/requestList HTTP/1.1" 200 98
127.0.0.1 - - [26/Aug/2015:21:29:25 +0200] "GET /service/rest/hello/requestList HTTP/1.1" 200 98
127.0.0.1 - - [26/Aug/2015:21:30:44 +0200] "GET /service/rest/hello/requestList HTTP/1.1" 200 98
127.0.0.1 - - [26/Aug/2015:21:31:07 +0200] "GET /service/rest/hello/requestList HTTP/1.1" 200 98
127.0.0.1 - - [26/Aug/2015:21:32:04 +0200] "GET /service/rest/hello/requestList HTTP/1.1" 200 98
127.0.0.1 - - [26/Aug/2015:21:32:26 +0200] "GET /service/rest/hello/requestList HTTP/1.1" 200 98
127.0.0.1 - - [26/Aug/2015:21:32:58 +0200] "GET /service/rest/hello/requestList HTTP/1.1" 200 98
127.0.0.1 - - [26/Aug/2015:21:35:35 +0200] "GET /service/rest/hello/requestList HTTP/1.1" 200 98
127.0.0.1 - - [26/Aug/2015:21:36:18 +0200] "GET /service/rest/hello/requestList HTTP/1.1" 200 98
127.0.0.1 - - [26/Aug/2015:21:36:34 +0200] "GET /service/rest/hello/requestList HTTP/1.1" 200 98
127.0.0.1 - - [26/Aug/2015:21:37:47 +0200] "GET /service/rest/hello/requestList HTTP/1.1" 200 98
127.0.0.1 - - [26/Aug/2015:21:38:12 +0200] "GET /service/rest/hello/requestList HTTP/1.1" 200 98
127.0.0.1 - - [26/Aug/2015:21:38:30 +0200] "GET /service/rest/hello/requestList HTTP/1.1" 200 98
127.0.0.1 - - [26/Aug/2015:21:38:43 +0200] "GET /service/rest/hello/requestList HTTP/1.1" 200 98
127.0.0.1 - - [26/Aug/2015:21:39:05 +0200] "GET /service/rest/hello/requestList HTTP/1.1" 200 98
127.0.0.1 - - [26/Aug/2015:21:39:16 +0200] "GET /service/rest/hello/requestList HTTP/1.1" 200 98
127.0.0.1 - - [26/Aug/2015:21:39:33 +0200] "GET /service/rest/hello/requestList HTTP/1.1" 200 98
127.0.0.1 - - [26/Aug/2015:21:40:56 +0200] "GET /service/rest/hello/requestList HTTP/1.1" 200 98
127.0.0.1 - - [26/Aug/2015:21:41:19 +0200] "GET /service/rest/hello/requestList HTTP/1.1" 200 98
127.0.0.1 - - [26/Aug/2015:21:48:34 +0200] "GET /service/rest/hello/requestList HTTP/1.1" 200 98
127.0.0.1 - - [26/Aug/2015:21:49:39 +0200] "GET /service/rest/hello/requestList HTTP/1.1" 200 98
127.0.0.1 - - [26/Aug/2015:21:49:43 +0200] "POST /service/rest/hello/requestList HTTP/1.1" 405 1013
127.0.0.1 - - [26/Aug/2015:21:50:18 +0200] "GET /service/rest/hello/requestList HTTP/1.1" 200 98
127.0.0.1 - - [26/Aug/2015:21:50:22 +0200] "POST /service/rest/hello/createPerson HTTP/1.1" 415 1092
127.0.0.1 - - [26/Aug/2015:21:53:05 +0200] "GET /service/rest/hello/requestList HTTP/1.1" 200 98
127.0.0.1 - - [26/Aug/2015:21:53:10 +0200] "OPTIONS /service/rest/hello/createPerson HTTP/1.1" 200 1023
127.0.0.1 - - [26/Aug/2015:21:53:10 +0200] "POST /service/rest/hello/createPerson HTTP/1.1" 500 7952
127.0.0.1 - - [26/Aug/2015:21:53:47 +0200] "GET / HTTP/1.1" 404 951
127.0.0.1 - - [26/Aug/2015:21:53:49 +0200] "OPTIONS /service/rest/hello/createPerson HTTP/1.1" 200 1023
127.0.0.1 - - [26/Aug/2015:21:53:49 +0200] "POST /service/rest/hello/createPerson HTTP/1.1" 500 7952
127.0.0.1 - - [26/Aug/2015:21:54:42 +0200] "GET /service/rest/hello/requestList HTTP/1.1" 200 77
127.0.0.1 - - [26/Aug/2015:21:54:46 +0200] "GET /service/rest/hello/requestList HTTP/1.1" 200 77
127.0.0.1 - - [26/Aug/2015:21:54:53 +0200] "OPTIONS /service/rest/hello/createPerson HTTP/1.1" 200 1023
127.0.0.1 - - [26/Aug/2015:21:54:53 +0200] "POST /service/rest/hello/createPerson HTTP/1.1" 500 7952
127.0.0.1 - - [26/Aug/2015:21:55:10 +0200] "GET /service/rest/hello/requestList HTTP/1.1" 200 77
127.0.0.1 - - [26/Aug/2015:21:56:03 +0200] "GET /service/rest/hello/requestList HTTP/1.1" 200 98
127.0.0.1 - - [26/Aug/2015:21:56:09 +0200] "OPTIONS /service/rest/hello/createPerson HTTP/1.1" 200 1023
127.0.0.1 - - [26/Aug/2015:21:56:09 +0200] "POST /service/rest/hello/createPerson HTTP/1.1" 500 7952
127.0.0.1 - - [26/Aug/2015:21:59:23 +0200] "GET / HTTP/1.1" 404 951
127.0.0.1 - - [26/Aug/2015:21:59:33 +0200] "GET /service/rest/hello/requestList HTTP/1.1" 200 98
127.0.0.1 - - [26/Aug/2015:21:59:37 +0200] "OPTIONS /service/rest/hello/createPerson HTTP/1.1" 200 1023
127.0.0.1 - - [26/Aug/2015:21:59:37 +0200] "POST /service/rest/hello/createPerson HTTP/1.1" 500 7949
127.0.0.1 - - [26/Aug/2015:22:02:31 +0200] "GET / HTTP/1.1" 404 951
127.0.0.1 - - [26/Aug/2015:22:02:35 +0200] "GET /service/rest/hello/requestList HTTP/1.1" 200 98
127.0.0.1 - - [26/Aug/2015:22:02:41 +0200] "OPTIONS /service/rest/hello/createPerson HTTP/1.1" 200 1023
127.0.0.1 - - [26/Aug/2015:22:02:41 +0200] "POST /service/rest/hello/createPerson HTTP/1.1" 500 7949
127.0.0.1 - - [26/Aug/2015:22:03:32 +0200] "GET / HTTP/1.1" 404 951
127.0.0.1 - - [26/Aug/2015:22:03:33 +0200] "GET /service/rest/hello/requestList HTTP/1.1" 200 98
127.0.0.1 - - [26/Aug/2015:22:03:38 +0200] "OPTIONS /service/rest/hello/createPerson HTTP/1.1" 200 1023
127.0.0.1 - - [26/Aug/2015:22:03:38 +0200] "POST /service/rest/hello/createPerson HTTP/1.1" 500 7952
127.0.0.1 - - [26/Aug/2015:22:05:04 +0200] "GET /service/rest/hello/requestList HTTP/1.1" 200 98
127.0.0.1 - - [26/Aug/2015:22:05:36 +0200] "GET /service/rest/hello/requestList HTTP/1.1" 200 98
127.0.0.1 - - [26/Aug/2015:22:05:39 +0200] "OPTIONS /service/rest/hello/createPerson HTTP/1.1" 200 1023
127.0.0.1 - - [26/Aug/2015:22:05:39 +0200] "POST /service/rest/hello/createPerson HTTP/1.1" 500 7952
127.0.0.1 - - [26/Aug/2015:22:06:05 +0200] "GET /service/rest/hello/requestList HTTP/1.1" 200 98
127.0.0.1 - - [26/Aug/2015:22:06:22 +0200] "OPTIONS /service/rest/hello/createPerson HTTP/1.1" 200 1023
127.0.0.1 - - [26/Aug/2015:22:06:22 +0200] "POST /service/rest/hello/createPerson HTTP/1.1" 500 7952
127.0.0.1 - - [26/Aug/2015:22:07:00 +0200] "GET /service/rest/hello/requestList HTTP/1.1" 200 98
127.0.0.1 - - [26/Aug/2015:22:07:05 +0200] "OPTIONS /service/rest/hello/createPerson HTTP/1.1" 200 1023
127.0.0.1 - - [26/Aug/2015:22:07:05 +0200] "POST /service/rest/hello/createPerson HTTP/1.1" 500 7952
127.0.0.1 - - [26/Aug/2015:22:09:42 +0200] "GET / HTTP/1.1" 404 951
127.0.0.1 - - [26/Aug/2015:22:09:42 +0200] "OPTIONS /service/rest/hello/createPerson HTTP/1.1" 200 1023
127.0.0.1 - - [26/Aug/2015:22:09:42 +0200] "POST /service/rest/hello/createPerson HTTP/1.1" 500 7952
127.0.0.1 - - [26/Aug/2015:22:09:45 +0200] "GET /service/rest/hello/requestList HTTP/1.1" 200 77
127.0.0.1 - - [26/Aug/2015:22:09:51 +0200] "OPTIONS /service/rest/hello/createPerson HTTP/1.1" 200 1023
127.0.0.1 - - [26/Aug/2015:22:09:51 +0200] "POST /service/rest/hello/createPerson HTTP/1.1" 500 7952
127.0.0.1 - - [26/Aug/2015:22:10:40 +0200] "GET /service/rest/hello/requestList HTTP/1.1" 200 98
127.0.0.1 - - [26/Aug/2015:22:10:44 +0200] "OPTIONS /service/rest/hello/createPerson HTTP/1.1" 200 1023
127.0.0.1 - - [26/Aug/2015:22:10:44 +0200] "POST /service/rest/hello/createPerson HTTP/1.1" 200 31
127.0.0.1 - - [26/Aug/2015:22:10:56 +0200] "OPTIONS /service/rest/hello/createPerson HTTP/1.1" 200 1023
127.0.0.1 - - [26/Aug/2015:22:10:56 +0200] "POST /service/rest/hello/createPerson HTTP/1.1" 200 40
